2026-07-23 11:14:44 | INFO | Downloading dataset from Kaggle...
2026-07-23 11:15:11 | INFO | Dataset URL: https://www.kaggle.com/datasets/rachit753patel/airline-flight-data-2020-2025
License(s): unknown
Downloading airline-flight-data-2020-2025.zip to /home/ec2-user


2026-07-23 11:15:11 | INFO | ZIP Downloaded : /home/ec2-user/airline-flight-data-2020-2025.zip
2026-07-23 11:15:11 | INFO | Extracting: /home/ec2-user/airline-flight-data-2020-2025.zip
2026-07-23 11:18:04 | INFO | Extraction completed.
2026-07-23 11:18:04 | INFO | Uploading: /home/ec2-user/FlightData2/2020/April_2020.csv
2026-07-23 11:18:06 | ERROR | Failed uploading /home/ec2-user/FlightData2/2020/April_2020.csv: An error occurred (403) when calling the HeadObject operation: Forbidden
Traceback (most recent call last):
  File "/home/ec2-user/flight-ingestion/uploader/upload_s3.py", line 50, in upload_csvs
    s3.head_object(
  File "/home/ec2-user/.local/lib/python3.9/site-packages/botocore/client.py", line 606, in _api_call
    return self._make_api_call(operation_name, kwargs)
  File "/home/ec2-user/.local/lib/python3.9/site-packages/botocore/context.py", line 123, in wrapper
    return func(*args, **kwargs)
  File "/home/ec2-user/.local/lib/python3.9/site-packages/botocore/client.py", line 1094, in _make_api_call
    raise error_class(parsed_response, operation_name)
botocore.exceptions.ClientError: An error occurred (403) when calling the HeadObject operation: Forbidden
2026-07-23 11:18:06 | INFO | Uploading: /home/ec2-user/FlightData2/2020/August_2020.csv
2026-07-23 11:18:07 | ERROR | Failed uploading /home/ec2-user/FlightData2/2020/August_2020.csv: An error occurred (403) when calling the HeadObject operation: Forbidden
Traceback (most recent call last):
  File "/home/ec2-user/flight-ingestion/uploader/upload_s3.py", line 50, in upload_csvs
    s3.head_object(
  File "/home/ec2-user/.local/lib/python3.9/site-packages/botocore/client.py", line 606, in _api_call
    return self._make_api_call(operation_name, kwargs)
  File "/home/ec2-user/.local/lib/python3.9/site-packages/botocore/context.py", line 123, in wrapper
    return func(*args, **kwargs)
  File "/home/ec2-user/.local/lib/python3.9/site-packages/botocore/client.py", line 1094, in _make_api_call
    raise error_class(parsed_response, operation_name)
botocore.exceptions.ClientError: An error occurred (403) when calling the HeadObject operation: Forbidden
2026-07-23 11:18:07 | INFO | Uploading: /home/ec2-user/FlightData2/2020/December_2020.csv
2026-07-23 11:18:09 | ERROR | Failed uploading /home/ec2-user/FlightData2/2020/December_2020.csv: An error occurred (403) when calling the HeadObject operation: Forbidden
Traceback (most recent call last):
  File "/home/ec2-user/flight-ingestion/uploader/upload_s3.py", line 50, in upload_csvs
    s3.head_object(
  File "/home/ec2-user/.local/lib/python3.9/site-packages/botocore/client.py", line 606, in _api_call
    return self._make_api_call(operation_name, kwargs)
  File "/home/ec2-user/.local/lib/python3.9/site-packages/botocore/context.py", line 123, in wrapper
    return func(*args, **kwargs)
  File "/home/ec2-user/.local/lib/python3.9/site-packages/botocore/client.py", line 1094, in _make_api_call
    raise error_class(parsed_response, operation_name)
botocore.exceptions.ClientError: An error occurred (403) when calling the HeadObject operation: Forbidden
2026-07-23 11:18:09 | INFO | Uploading: /home/ec2-user/FlightData2/2020/February_2020.csv
2026-07-23 11:18:11 | ERROR | Failed uploading /home/ec2-user/FlightData2/2020/February_2020.csv: An error occurred (403) when calling the HeadObject operation: Forbidden
Traceback (most recent call last):
  File "/home/ec2-user/flight-ingestion/uploader/upload_s3.py", line 50, in upload_csvs
    s3.head_object(
  File "/home/ec2-user/.local/lib/python3.9/site-packages/botocore/client.py", line 606, in _api_call
    return self._make_api_call(operation_name, kwargs)
  File "/home/ec2-user/.local/lib/python3.9/site-packages/botocore/context.py", line 123, in wrapper
    return func(*args, **kwargs)
  File "/home/ec2-user/.local/lib/python3.9/site-packages/botocore/client.py", line 1094, in _make_api_call
    raise error_class(parsed_response, operation_name)
botocore.exceptions.ClientError: An error occurred (403) when calling the HeadObject operation: Forbidden
2026-07-23 11:18:11 | INFO | Uploading: /home/ec2-user/FlightData2/2020/January_2020.csv
2026-07-23 11:18:14 | ERROR | Failed uploading /home/ec2-user/FlightData2/2020/January_2020.csv: An error occurred (403) when calling the HeadObject operation: Forbidden
Traceback (most recent call last):
  File "/home/ec2-user/flight-ingestion/uploader/upload_s3.py", line 50, in upload_csvs
    s3.head_object(
  File "/home/ec2-user/.local/lib/python3.9/site-packages/botocore/client.py", line 606, in _api_call
    return self._make_api_call(operation_name, kwargs)
  File "/home/ec2-user/.local/lib/python3.9/site-packages/botocore/context.py", line 123, in wrapper
    return func(*args, **kwargs)
  File "/home/ec2-user/.local/lib/python3.9/site-packages/botocore/client.py", line 1094, in _make_api_call
    raise error_class(parsed_response, operation_name)
botocore.exceptions.ClientError: An error occurred (403) when calling the HeadObject operation: Forbidden
2026-07-23 11:18:14 | INFO | Uploading: /home/ec2-user/FlightData2/2020/July_2020.csv
2026-07-23 11:18:15 | ERROR | Failed uploading /home/ec2-user/FlightData2/2020/July_2020.csv: An error occurred (403) when calling the HeadObject operation: Forbidden
Traceback (most recent call last):
  File "/home/ec2-user/flight-ingestion/uploader/upload_s3.py", line 50, in upload_csvs
    s3.head_object(
  File "/home/ec2-user/.local/lib/python3.9/site-packages/botocore/client.py", line 606, in _api_call
    return self._make_api_call(operation_name, kwargs)
  File "/home/ec2-user/.local/lib/python3.9/site-packages/botocore/context.py", line 123, in wrapper
    return func(*args, **kwargs)
  File "/home/ec2-user/.local/lib/python3.9/site-packages/botocore/client.py", line 1094, in _make_api_call
    raise error_class(parsed_response, operation_name)
botocore.exceptions.ClientError: An error occurred (403) when calling the HeadObject operation: Forbidden
2026-07-23 11:18:15 | INFO | Uploading: /home/ec2-user/FlightData2/2020/June_2020.csv
2026-07-23 11:18:16 | ERROR | Failed uploading /home/ec2-user/FlightData2/2020/June_2020.csv: An error occurred (403) when calling the HeadObject operation: Forbidden
Traceback (most recent call last):
  File "/home/ec2-user/flight-ingestion/uploader/upload_s3.py", line 50, in upload_csvs
    s3.head_object(
  File "/home/ec2-user/.local/lib/python3.9/site-packages/botocore/client.py", line 606, in _api_call
    return self._make_api_call(operation_name, kwargs)
  File "/home/ec2-user/.local/lib/python3.9/site-packages/botocore/context.py", line 123, in wrapper
    return func(*args, **kwargs)
  File "/home/ec2-user/.local/lib/python3.9/site-packages/botocore/client.py", line 1094, in _make_api_call
    raise error_class(parsed_response, operation_name)
botocore.exceptions.ClientError: An error occurred (403) when calling the HeadObject operation: Forbidden
2026-07-23 11:18:16 | INFO | Uploading: /home/ec2-user/FlightData2/2020/March_2020.csv
2026-07-23 11:18:19 | ERROR | Failed uploading /home/ec2-user/FlightData2/2020/March_2020.csv: An error occurred (403) when calling the HeadObject operation: Forbidden
Traceback (most recent call last):
  File "/home/ec2-user/flight-ingestion/uploader/upload_s3.py", line 50, in upload_csvs
    s3.head_object(
  File "/home/ec2-user/.local/lib/python3.9/site-packages/botocore/client.py", line 606, in _api_call
    return self._make_api_call(operation_name, kwargs)
  File "/home/ec2-user/.local/lib/python3.9/site-packages/botocore/context.py", line 123, in wrapper
    return func(*args, **kwargs)
  File "/home/ec2-user/.local/lib/python3.9/site-packages/botocore/client.py", line 1094, in _make_api_call
    raise error_class(parsed_response, operation_name)
botocore.exceptions.ClientError: An error occurred (403) when calling the HeadObject operation: Forbidden
2026-07-23 11:18:19 | INFO | Uploading: /home/ec2-user/FlightData2/2020/May_2020.csv
2026-07-23 11:18:19 | ERROR | Failed uploading /home/ec2-user/FlightData2/2020/May_2020.csv: An error occurred (403) when calling the HeadObject operation: Forbidden
Traceback (most recent call last):
  File "/home/ec2-user/flight-ingestion/uploader/upload_s3.py", line 50, in upload_csvs
    s3.head_object(
  File "/home/ec2-user/.local/lib/python3.9/site-packages/botocore/client.py", line 606, in _api_call
    return self._make_api_call(operation_name, kwargs)
  File "/home/ec2-user/.local/lib/python3.9/site-packages/botocore/context.py", line 123, in wrapper
    return func(*args, **kwargs)
  File "/home/ec2-user/.local/lib/python3.9/site-packages/botocore/client.py", line 1094, in _make_api_call
    raise error_class(parsed_response, operation_name)
botocore.exceptions.ClientError: An error occurred (403) when calling the HeadObject operation: Forbidden
2026-07-23 11:18:19 | INFO | Uploading: /home/ec2-user/FlightData2/2020/November_2020.csv
2026-07-23 11:18:21 | ERROR | Failed uploading /home/ec2-user/FlightData2/2020/November_2020.csv: An error occurred (403) when calling the HeadObject operation: Forbidden
Traceback (most recent call last):
  File "/home/ec2-user/flight-ingestion/uploader/upload_s3.py", line 50, in upload_csvs
    s3.head_object(
  File "/home/ec2-user/.local/lib/python3.9/site-packages/botocore/client.py", line 606, in _api_call
    return self._make_api_call(operation_name, kwargs)
  File "/home/ec2-user/.local/lib/python3.9/site-packages/botocore/context.py", line 123, in wrapper
    return func(*args, **kwargs)
  File "/home/ec2-user/.local/lib/python3.9/site-packages/botocore/client.py", line 1094, in _make_api_call
    raise error_class(parsed_response, operation_name)
botocore.exceptions.ClientError: An error occurred (403) when calling the HeadObject operation: Forbidden
2026-07-23 11:18:21 | INFO | Uploading: /home/ec2-user/FlightData2/2020/October_2020.csv
2026-07-23 11:18:22 | ERROR | Failed uploading /home/ec2-user/FlightData2/2020/October_2020.csv: An error occurred (403) when calling the HeadObject operation: Forbidden
Traceback (most recent call last):
  File "/home/ec2-user/flight-ingestion/uploader/upload_s3.py", line 50, in upload_csvs
    s3.head_object(
  File "/home/ec2-user/.local/lib/python3.9/site-packages/botocore/client.py", line 606, in _api_call
    return self._make_api_call(operation_name, kwargs)
  File "/home/ec2-user/.local/lib/python3.9/site-packages/botocore/context.py", line 123, in wrapper
    return func(*args, **kwargs)
  File "/home/ec2-user/.local/lib/python3.9/site-packages/botocore/client.py", line 1094, in _make_api_call
    raise error_class(parsed_response, operation_name)
botocore.exceptions.ClientError: An error occurred (403) when calling the HeadObject operation: Forbidden
2026-07-23 11:18:22 | INFO | Uploading: /home/ec2-user/FlightData2/2020/September_2020.csv
2026-07-23 11:18:24 | ERROR | Failed uploading /home/ec2-user/FlightData2/2020/September_2020.csv: An error occurred (403) when calling the HeadObject operation: Forbidden
Traceback (most recent call last):
  File "/home/ec2-user/flight-ingestion/uploader/upload_s3.py", line 50, in upload_csvs
    s3.head_object(
  File "/home/ec2-user/.local/lib/python3.9/site-packages/botocore/client.py", line 606, in _api_call
    return self._make_api_call(operation_name, kwargs)
  File "/home/ec2-user/.local/lib/python3.9/site-packages/botocore/context.py", line 123, in wrapper
    return func(*args, **kwargs)
  File "/home/ec2-user/.local/lib/python3.9/site-packages/botocore/client.py", line 1094, in _make_api_call
    raise error_class(parsed_response, operation_name)
botocore.exceptions.ClientError: An error occurred (403) when calling the HeadObject operation: Forbidden
2026-07-23 11:18:24 | INFO | Uploading: /home/ec2-user/FlightData2/2021/April_2021.csv
2026-07-23 11:18:25 | ERROR | Failed uploading /home/ec2-user/FlightData2/2021/April_2021.csv: An error occurred (403) when calling the HeadObject operation: Forbidden
Traceback (most recent call last):
  File "/home/ec2-user/flight-ingestion/uploader/upload_s3.py", line 50, in upload_csvs
    s3.head_object(
  File "/home/ec2-user/.local/lib/python3.9/site-packages/botocore/client.py", line 606, in _api_call
    return self._make_api_call(operation_name, kwargs)
  File "/home/ec2-user/.local/lib/python3.9/site-packages/botocore/context.py", line 123, in wrapper
    return func(*args, **kwargs)
  File "/home/ec2-user/.local/lib/python3.9/site-packages/botocore/client.py", line 1094, in _make_api_call
    raise error_class(parsed_response, operation_name)
botocore.exceptions.ClientError: An error occurred (403) when calling the HeadObject operation: Forbidden
2026-07-23 11:18:25 | INFO | Uploading: /home/ec2-user/FlightData2/2021/August_2021.csv
2026-07-23 11:18:28 | ERROR | Failed uploading /home/ec2-user/FlightData2/2021/August_2021.csv: An error occurred (403) when calling the HeadObject operation: Forbidden
Traceback (most recent call last):
  File "/home/ec2-user/flight-ingestion/uploader/upload_s3.py", line 50, in upload_csvs
    s3.head_object(
  File "/home/ec2-user/.local/lib/python3.9/site-packages/botocore/client.py", line 606, in _api_call
    return self._make_api_call(operation_name, kwargs)
  File "/home/ec2-user/.local/lib/python3.9/site-packages/botocore/context.py", line 123, in wrapper
    return func(*args, **kwargs)
  File "/home/ec2-user/.local/lib/python3.9/site-packages/botocore/client.py", line 1094, in _make_api_call
    raise error_class(parsed_response, operation_name)
botocore.exceptions.ClientError: An error occurred (403) when calling the HeadObject operation: Forbidden
2026-07-23 11:18:28 | INFO | Uploading: /home/ec2-user/FlightData2/2021/December_2021.csv
2026-07-23 11:18:30 | ERROR | Failed uploading /home/ec2-user/FlightData2/2021/December_2021.csv: An error occurred (403) when calling the HeadObject operation: Forbidden
Traceback (most recent call last):
  File "/home/ec2-user/flight-ingestion/uploader/upload_s3.py", line 50, in upload_csvs
    s3.head_object(
  File "/home/ec2-user/.local/lib/python3.9/site-packages/botocore/client.py", line 606, in _api_call
    return self._make_api_call(operation_name, kwargs)
  File "/home/ec2-user/.local/lib/python3.9/site-packages/botocore/context.py", line 123, in wrapper
    return func(*args, **kwargs)
  File "/home/ec2-user/.local/lib/python3.9/site-packages/botocore/client.py", line 1094, in _make_api_call
    raise error_class(parsed_response, operation_name)
botocore.exceptions.ClientError: An error occurred (403) when calling the HeadObject operation: Forbidden
2026-07-23 11:18:30 | INFO | Uploading: /home/ec2-user/FlightData2/2021/February_2021.csv
2026-07-23 11:18:31 | ERROR | Failed uploading /home/ec2-user/FlightData2/2021/February_2021.csv: An error occurred (403) when calling the HeadObject operation: Forbidden
Traceback (most recent call last):
  File "/home/ec2-user/flight-ingestion/uploader/upload_s3.py", line 50, in upload_csvs
    s3.head_object(
  File "/home/ec2-user/.local/lib/python3.9/site-packages/botocore/client.py", line 606, in _api_call
    return self._make_api_call(operation_name, kwargs)
  File "/home/ec2-user/.local/lib/python3.9/site-packages/botocore/context.py", line 123, in wrapper
    return func(*args, **kwargs)
  File "/home/ec2-user/.local/lib/python3.9/site-packages/botocore/client.py", line 1094, in _make_api_call
    raise error_class(parsed_response, operation_name)
botocore.exceptions.ClientError: An error occurred (403) when calling the HeadObject operation: Forbidden
2026-07-23 11:18:31 | INFO | Uploading: /home/ec2-user/FlightData2/2021/January_2021.csv
2026-07-23 11:18:33 | ERROR | Failed uploading /home/ec2-user/FlightData2/2021/January_2021.csv: An error occurred (403) when calling the HeadObject operation: Forbidden
Traceback (most recent call last):
  File "/home/ec2-user/flight-ingestion/uploader/upload_s3.py", line 50, in upload_csvs
    s3.head_object(
  File "/home/ec2-user/.local/lib/python3.9/site-packages/botocore/client.py", line 606, in _api_call
    return self._make_api_call(operation_name, kwargs)
  File "/home/ec2-user/.local/lib/python3.9/site-packages/botocore/context.py", line 123, in wrapper
    return func(*args, **kwargs)
  File "/home/ec2-user/.local/lib/python3.9/site-packages/botocore/client.py", line 1094, in _make_api_call
    raise error_class(parsed_response, operation_name)
botocore.exceptions.ClientError: An error occurred (403) when calling the HeadObject operation: Forbidden
2026-07-23 11:18:33 | INFO | Uploading: /home/ec2-user/FlightData2/2021/July_2021.csv
2026-07-23 11:18:35 | ERROR | Failed uploading /home/ec2-user/FlightData2/2021/July_2021.csv: An error occurred (403) when calling the HeadObject operation: Forbidden
Traceback (most recent call last):
  File "/home/ec2-user/flight-ingestion/uploader/upload_s3.py", line 50, in upload_csvs
    s3.head_object(
  File "/home/ec2-user/.local/lib/python3.9/site-packages/botocore/client.py", line 606, in _api_call
    return self._make_api_call(operation_name, kwargs)
  File "/home/ec2-user/.local/lib/python3.9/site-packages/botocore/context.py", line 123, in wrapper
    return func(*args, **kwargs)
  File "/home/ec2-user/.local/lib/python3.9/site-packages/botocore/client.py", line 1094, in _make_api_call
    raise error_class(parsed_response, operation_name)
botocore.exceptions.ClientError: An error occurred (403) when calling the HeadObject operation: Forbidden
2026-07-23 11:18:35 | INFO | Uploading: /home/ec2-user/FlightData2/2021/June_2021.csv
2026-07-23 11:18:37 | ERROR | Failed uploading /home/ec2-user/FlightData2/2021/June_2021.csv: An error occurred (403) when calling the HeadObject operation: Forbidden
Traceback (most recent call last):
  File "/home/ec2-user/flight-ingestion/uploader/upload_s3.py", line 50, in upload_csvs
    s3.head_object(
  File "/home/ec2-user/.local/lib/python3.9/site-packages/botocore/client.py", line 606, in _api_call
    return self._make_api_call(operation_name, kwargs)
  File "/home/ec2-user/.local/lib/python3.9/site-packages/botocore/context.py", line 123, in wrapper
    return func(*args, **kwargs)
  File "/home/ec2-user/.local/lib/python3.9/site-packages/botocore/client.py", line 1094, in _make_api_call
    raise error_class(parsed_response, operation_name)
botocore.exceptions.ClientError: An error occurred (403) when calling the HeadObject operation: Forbidden
2026-07-23 11:18:37 | INFO | Uploading: /home/ec2-user/FlightData2/2021/March_2021.csv
2026-07-23 11:18:39 | ERROR | Failed uploading /home/ec2-user/FlightData2/2021/March_2021.csv: An error occurred (403) when calling the HeadObject operation: Forbidden
Traceback (most recent call last):
  File "/home/ec2-user/flight-ingestion/uploader/upload_s3.py", line 50, in upload_csvs
    s3.head_object(
  File "/home/ec2-user/.local/lib/python3.9/site-packages/botocore/client.py", line 606, in _api_call
    return self._make_api_call(operation_name, kwargs)
  File "/home/ec2-user/.local/lib/python3.9/site-packages/botocore/context.py", line 123, in wrapper
    return func(*args, **kwargs)
  File "/home/ec2-user/.local/lib/python3.9/site-packages/botocore/client.py", line 1094, in _make_api_call
    raise error_class(parsed_response, operation_name)
botocore.exceptions.ClientError: An error occurred (403) when calling the HeadObject operation: Forbidden
2026-07-23 11:18:39 | INFO | Uploading: /home/ec2-user/FlightData2/2021/May_2021.csv
2026-07-23 11:18:41 | ERROR | Failed uploading /home/ec2-user/FlightData2/2021/May_2021.csv: An error occurred (403) when calling the HeadObject operation: Forbidden
Traceback (most recent call last):
  File "/home/ec2-user/flight-ingestion/uploader/upload_s3.py", line 50, in upload_csvs
    s3.head_object(
  File "/home/ec2-user/.local/lib/python3.9/site-packages/botocore/client.py", line 606, in _api_call
    return self._make_api_call(operation_name, kwargs)
  File "/home/ec2-user/.local/lib/python3.9/site-packages/botocore/context.py", line 123, in wrapper
    return func(*args, **kwargs)
  File "/home/ec2-user/.local/lib/python3.9/site-packages/botocore/client.py", line 1094, in _make_api_call
    raise error_class(parsed_response, operation_name)
botocore.exceptions.ClientError: An error occurred (403) when calling the HeadObject operation: Forbidden
2026-07-23 11:18:41 | INFO | Uploading: /home/ec2-user/FlightData2/2021/November_2021.csv
2026-07-23 11:18:43 | ERROR | Failed uploading /home/ec2-user/FlightData2/2021/November_2021.csv: An error occurred (403) when calling the HeadObject operation: Forbidden
Traceback (most recent call last):
  File "/home/ec2-user/flight-ingestion/uploader/upload_s3.py", line 50, in upload_csvs
    s3.head_object(
  File "/home/ec2-user/.local/lib/python3.9/site-packages/botocore/client.py", line 606, in _api_call
    return self._make_api_call(operation_name, kwargs)
  File "/home/ec2-user/.local/lib/python3.9/site-packages/botocore/context.py", line 123, in wrapper
    return func(*args, **kwargs)
  File "/home/ec2-user/.local/lib/python3.9/site-packages/botocore/client.py", line 1094, in _make_api_call
    raise error_class(parsed_response, operation_name)
botocore.exceptions.ClientError: An error occurred (403) when calling the HeadObject operation: Forbidden
2026-07-23 11:18:43 | INFO | Uploading: /home/ec2-user/FlightData2/2021/October_2021.csv
2026-07-23 11:18:45 | ERROR | Failed uploading /home/ec2-user/FlightData2/2021/October_2021.csv: An error occurred (403) when calling the HeadObject operation: Forbidden
Traceback (most recent call last):
  File "/home/ec2-user/flight-ingestion/uploader/upload_s3.py", line 50, in upload_csvs
    s3.head_object(
  File "/home/ec2-user/.local/lib/python3.9/site-packages/botocore/client.py", line 606, in _api_call
    return self._make_api_call(operation_name, kwargs)
  File "/home/ec2-user/.local/lib/python3.9/site-packages/botocore/context.py", line 123, in wrapper
    return func(*args, **kwargs)
  File "/home/ec2-user/.local/lib/python3.9/site-packages/botocore/client.py", line 1094, in _make_api_call
    raise error_class(parsed_response, operation_name)
botocore.exceptions.ClientError: An error occurred (403) when calling the HeadObject operation: Forbidden
2026-07-23 11:18:45 | INFO | Uploading: /home/ec2-user/FlightData2/2021/September_2021.csv
2026-07-23 11:18:47 | ERROR | Failed uploading /home/ec2-user/FlightData2/2021/September_2021.csv: An error occurred (403) when calling the HeadObject operation: Forbidden
Traceback (most recent call last):
  File "/home/ec2-user/flight-ingestion/uploader/upload_s3.py", line 50, in upload_csvs
    s3.head_object(
  File "/home/ec2-user/.local/lib/python3.9/site-packages/botocore/client.py", line 606, in _api_call
    return self._make_api_call(operation_name, kwargs)
  File "/home/ec2-user/.local/lib/python3.9/site-packages/botocore/context.py", line 123, in wrapper
    return func(*args, **kwargs)
  File "/home/ec2-user/.local/lib/python3.9/site-packages/botocore/client.py", line 1094, in _make_api_call
    raise error_class(parsed_response, operation_name)
botocore.exceptions.ClientError: An error occurred (403) when calling the HeadObject operation: Forbidden
2026-07-23 11:18:47 | INFO | Uploading: /home/ec2-user/FlightData2/2022/April_2022.csv
2026-07-23 11:18:50 | ERROR | Failed uploading /home/ec2-user/FlightData2/2022/April_2022.csv: An error occurred (403) when calling the HeadObject operation: Forbidden
Traceback (most recent call last):
  File "/home/ec2-user/flight-ingestion/uploader/upload_s3.py", line 50, in upload_csvs
    s3.head_object(
  File "/home/ec2-user/.local/lib/python3.9/site-packages/botocore/client.py", line 606, in _api_call
    return self._make_api_call(operation_name, kwargs)
  File "/home/ec2-user/.local/lib/python3.9/site-packages/botocore/context.py", line 123, in wrapper
    return func(*args, **kwargs)
  File "/home/ec2-user/.local/lib/python3.9/site-packages/botocore/client.py", line 1094, in _make_api_call
    raise error_class(parsed_response, operation_name)
botocore.exceptions.ClientError: An error occurred (403) when calling the HeadObject operation: Forbidden
2026-07-23 11:18:50 | INFO | Uploading: /home/ec2-user/FlightData2/2022/August_2022.csv
2026-07-23 11:18:52 | ERROR | Failed uploading /home/ec2-user/FlightData2/2022/August_2022.csv: An error occurred (403) when calling the HeadObject operation: Forbidden
Traceback (most recent call last):
  File "/home/ec2-user/flight-ingestion/uploader/upload_s3.py", line 50, in upload_csvs
    s3.head_object(
  File "/home/ec2-user/.local/lib/python3.9/site-packages/botocore/client.py", line 606, in _api_call
    return self._make_api_call(operation_name, kwargs)
  File "/home/ec2-user/.local/lib/python3.9/site-packages/botocore/context.py", line 123, in wrapper
    return func(*args, **kwargs)
  File "/home/ec2-user/.local/lib/python3.9/site-packages/botocore/client.py", line 1094, in _make_api_call
    raise error_class(parsed_response, operation_name)
botocore.exceptions.ClientError: An error occurred (403) when calling the HeadObject operation: Forbidden
2026-07-23 11:18:52 | INFO | Uploading: /home/ec2-user/FlightData2/2022/December_2022.csv
2026-07-23 11:18:54 | ERROR | Failed uploading /home/ec2-user/FlightData2/2022/December_2022.csv: An error occurred (403) when calling the HeadObject operation: Forbidden
Traceback (most recent call last):
  File "/home/ec2-user/flight-ingestion/uploader/upload_s3.py", line 50, in upload_csvs
    s3.head_object(
  File "/home/ec2-user/.local/lib/python3.9/site-packages/botocore/client.py", line 606, in _api_call
    return self._make_api_call(operation_name, kwargs)
  File "/home/ec2-user/.local/lib/python3.9/site-packages/botocore/context.py", line 123, in wrapper
    return func(*args, **kwargs)
  File "/home/ec2-user/.local/lib/python3.9/site-packages/botocore/client.py", line 1094, in _make_api_call
    raise error_class(parsed_response, operation_name)
botocore.exceptions.ClientError: An error occurred (403) when calling the HeadObject operation: Forbidden
2026-07-23 11:18:54 | INFO | Uploading: /home/ec2-user/FlightData2/2022/February_2022.csv
2026-07-23 11:18:56 | ERROR | Failed uploading /home/ec2-user/FlightData2/2022/February_2022.csv: An error occurred (403) when calling the HeadObject operation: Forbidden
Traceback (most recent call last):
  File "/home/ec2-user/flight-ingestion/uploader/upload_s3.py", line 50, in upload_csvs
    s3.head_object(
  File "/home/ec2-user/.local/lib/python3.9/site-packages/botocore/client.py", line 606, in _api_call
    return self._make_api_call(operation_name, kwargs)
  File "/home/ec2-user/.local/lib/python3.9/site-packages/botocore/context.py", line 123, in wrapper
    return func(*args, **kwargs)
  File "/home/ec2-user/.local/lib/python3.9/site-packages/botocore/client.py", line 1094, in _make_api_call
    raise error_class(parsed_response, operation_name)
botocore.exceptions.ClientError: An error occurred (403) when calling the HeadObject operation: Forbidden
2026-07-23 11:18:56 | INFO | Uploading: /home/ec2-user/FlightData2/2022/January_2022.csv
2026-07-23 11:18:58 | ERROR | Failed uploading /home/ec2-user/FlightData2/2022/January_2022.csv: An error occurred (403) when calling the HeadObject operation: Forbidden
Traceback (most recent call last):
  File "/home/ec2-user/flight-ingestion/uploader/upload_s3.py", line 50, in upload_csvs
    s3.head_object(
  File "/home/ec2-user/.local/lib/python3.9/site-packages/botocore/client.py", line 606, in _api_call
    return self._make_api_call(operation_name, kwargs)
  File "/home/ec2-user/.local/lib/python3.9/site-packages/botocore/context.py", line 123, in wrapper
    return func(*args, **kwargs)
  File "/home/ec2-user/.local/lib/python3.9/site-packages/botocore/client.py", line 1094, in _make_api_call
    raise error_class(parsed_response, operation_name)
botocore.exceptions.ClientError: An error occurred (403) when calling the HeadObject operation: Forbidden
2026-07-23 11:18:58 | INFO | Uploading: /home/ec2-user/FlightData2/2022/July_2022.csv
2026-07-23 11:19:01 | ERROR | Failed uploading /home/ec2-user/FlightData2/2022/July_2022.csv: An error occurred (403) when calling the HeadObject operation: Forbidden
Traceback (most recent call last):
  File "/home/ec2-user/flight-ingestion/uploader/upload_s3.py", line 50, in upload_csvs
    s3.head_object(
  File "/home/ec2-user/.local/lib/python3.9/site-packages/botocore/client.py", line 606, in _api_call
    return self._make_api_call(operation_name, kwargs)
  File "/home/ec2-user/.local/lib/python3.9/site-packages/botocore/context.py", line 123, in wrapper
    return func(*args, **kwargs)
  File "/home/ec2-user/.local/lib/python3.9/site-packages/botocore/client.py", line 1094, in _make_api_call
    raise error_class(parsed_response, operation_name)
botocore.exceptions.ClientError: An error occurred (403) when calling the HeadObject operation: Forbidden
2026-07-23 11:19:01 | INFO | Uploading: /home/ec2-user/FlightData2/2022/June_2022.csv
2026-07-23 11:19:03 | ERROR | Failed uploading /home/ec2-user/FlightData2/2022/June_2022.csv: An error occurred (403) when calling the HeadObject operation: Forbidden
Traceback (most recent call last):
  File "/home/ec2-user/flight-ingestion/uploader/upload_s3.py", line 50, in upload_csvs
    s3.head_object(
  File "/home/ec2-user/.local/lib/python3.9/site-packages/botocore/client.py", line 606, in _api_call
    return self._make_api_call(operation_name, kwargs)
  File "/home/ec2-user/.local/lib/python3.9/site-packages/botocore/context.py", line 123, in wrapper
    return func(*args, **kwargs)
  File "/home/ec2-user/.local/lib/python3.9/site-packages/botocore/client.py", line 1094, in _make_api_call
    raise error_class(parsed_response, operation_name)
botocore.exceptions.ClientError: An error occurred (403) when calling the HeadObject operation: Forbidden
2026-07-23 11:19:03 | INFO | Uploading: /home/ec2-user/FlightData2/2022/March_2022.csv
2026-07-23 11:19:05 | ERROR | Failed uploading /home/ec2-user/FlightData2/2022/March_2022.csv: An error occurred (403) when calling the HeadObject operation: Forbidden
Traceback (most recent call last):
  File "/home/ec2-user/flight-ingestion/uploader/upload_s3.py", line 50, in upload_csvs
    s3.head_object(
  File "/home/ec2-user/.local/lib/python3.9/site-packages/botocore/client.py", line 606, in _api_call
    return self._make_api_call(operation_name, kwargs)
  File "/home/ec2-user/.local/lib/python3.9/site-packages/botocore/context.py", line 123, in wrapper
    return func(*args, **kwargs)
  File "/home/ec2-user/.local/lib/python3.9/site-packages/botocore/client.py", line 1094, in _make_api_call
    raise error_class(parsed_response, operation_name)
botocore.exceptions.ClientError: An error occurred (403) when calling the HeadObject operation: Forbidden
2026-07-23 11:19:05 | INFO | Uploading: /home/ec2-user/FlightData2/2022/May_2022.csv
2026-07-23 11:19:08 | ERROR | Failed uploading /home/ec2-user/FlightData2/2022/May_2022.csv: An error occurred (403) when calling the HeadObject operation: Forbidden
Traceback (most recent call last):
  File "/home/ec2-user/flight-ingestion/uploader/upload_s3.py", line 50, in upload_csvs
    s3.head_object(
  File "/home/ec2-user/.local/lib/python3.9/site-packages/botocore/client.py", line 606, in _api_call
    return self._make_api_call(operation_name, kwargs)
  File "/home/ec2-user/.local/lib/python3.9/site-packages/botocore/context.py", line 123, in wrapper
    return func(*args, **kwargs)
  File "/home/ec2-user/.local/lib/python3.9/site-packages/botocore/client.py", line 1094, in _make_api_call
    raise error_class(parsed_response, operation_name)
botocore.exceptions.ClientError: An error occurred (403) when calling the HeadObject operation: Forbidden
2026-07-23 11:19:08 | INFO | Uploading: /home/ec2-user/FlightData2/2022/November_2022.csv
2026-07-23 11:19:10 | ERROR | Failed uploading /home/ec2-user/FlightData2/2022/November_2022.csv: An error occurred (403) when calling the HeadObject operation: Forbidden
Traceback (most recent call last):
  File "/home/ec2-user/flight-ingestion/uploader/upload_s3.py", line 50, in upload_csvs
    s3.head_object(
  File "/home/ec2-user/.local/lib/python3.9/site-packages/botocore/client.py", line 606, in _api_call
    return self._make_api_call(operation_name, kwargs)
  File "/home/ec2-user/.local/lib/python3.9/site-packages/botocore/context.py", line 123, in wrapper
    return func(*args, **kwargs)
  File "/home/ec2-user/.local/lib/python3.9/site-packages/botocore/client.py", line 1094, in _make_api_call
    raise error_class(parsed_response, operation_name)
botocore.exceptions.ClientError: An error occurred (403) when calling the HeadObject operation: Forbidden
2026-07-23 11:19:10 | INFO | Uploading: /home/ec2-user/FlightData2/2022/October_2022.csv
2026-07-23 11:19:12 | ERROR | Failed uploading /home/ec2-user/FlightData2/2022/October_2022.csv: An error occurred (403) when calling the HeadObject operation: Forbidden
Traceback (most recent call last):
  File "/home/ec2-user/flight-ingestion/uploader/upload_s3.py", line 50, in upload_csvs
    s3.head_object(
  File "/home/ec2-user/.local/lib/python3.9/site-packages/botocore/client.py", line 606, in _api_call
    return self._make_api_call(operation_name, kwargs)
  File "/home/ec2-user/.local/lib/python3.9/site-packages/botocore/context.py", line 123, in wrapper
    return func(*args, **kwargs)
  File "/home/ec2-user/.local/lib/python3.9/site-packages/botocore/client.py", line 1094, in _make_api_call
    raise error_class(parsed_response, operation_name)
botocore.exceptions.ClientError: An error occurred (403) when calling the HeadObject operation: Forbidden
2026-07-23 11:19:12 | INFO | Uploading: /home/ec2-user/FlightData2/2022/September_2022.csv
2026-07-23 11:19:14 | ERROR | Failed uploading /home/ec2-user/FlightData2/2022/September_2022.csv: An error occurred (403) when calling the HeadObject operation: Forbidden
Traceback (most recent call last):
  File "/home/ec2-user/flight-ingestion/uploader/upload_s3.py", line 50, in upload_csvs
    s3.head_object(
  File "/home/ec2-user/.local/lib/python3.9/site-packages/botocore/client.py", line 606, in _api_call
    return self._make_api_call(operation_name, kwargs)
  File "/home/ec2-user/.local/lib/python3.9/site-packages/botocore/context.py", line 123, in wrapper
    return func(*args, **kwargs)
  File "/home/ec2-user/.local/lib/python3.9/site-packages/botocore/client.py", line 1094, in _make_api_call
    raise error_class(parsed_response, operation_name)
botocore.exceptions.ClientError: An error occurred (403) when calling the HeadObject operation: Forbidden
2026-07-23 11:19:14 | INFO | Uploading: /home/ec2-user/FlightData2/2023/April_2023.csv
2026-07-23 11:19:16 | ERROR | Failed uploading /home/ec2-user/FlightData2/2023/April_2023.csv: An error occurred (403) when calling the HeadObject operation: Forbidden
Traceback (most recent call last):
  File "/home/ec2-user/flight-ingestion/uploader/upload_s3.py", line 50, in upload_csvs
    s3.head_object(
  File "/home/ec2-user/.local/lib/python3.9/site-packages/botocore/client.py", line 606, in _api_call
    return self._make_api_call(operation_name, kwargs)
  File "/home/ec2-user/.local/lib/python3.9/site-packages/botocore/context.py", line 123, in wrapper
    return func(*args, **kwargs)
  File "/home/ec2-user/.local/lib/python3.9/site-packages/botocore/client.py", line 1094, in _make_api_call
    raise error_class(parsed_response, operation_name)
botocore.exceptions.ClientError: An error occurred (403) when calling the HeadObject operation: Forbidden
2026-07-23 11:19:16 | INFO | Uploading: /home/ec2-user/FlightData2/2023/August_2023.csv
2026-07-23 11:19:19 | ERROR | Failed uploading /home/ec2-user/FlightData2/2023/August_2023.csv: An error occurred (403) when calling the HeadObject operation: Forbidden
Traceback (most recent call last):
  File "/home/ec2-user/flight-ingestion/uploader/upload_s3.py", line 50, in upload_csvs
    s3.head_object(
  File "/home/ec2-user/.local/lib/python3.9/site-packages/botocore/client.py", line 606, in _api_call
    return self._make_api_call(operation_name, kwargs)
  File "/home/ec2-user/.local/lib/python3.9/site-packages/botocore/context.py", line 123, in wrapper
    return func(*args, **kwargs)
  File "/home/ec2-user/.local/lib/python3.9/site-packages/botocore/client.py", line 1094, in _make_api_call
    raise error_class(parsed_response, operation_name)
botocore.exceptions.ClientError: An error occurred (403) when calling the HeadObject operation: Forbidden
2026-07-23 11:19:19 | INFO | Uploading: /home/ec2-user/FlightData2/2023/December_2023.csv
2026-07-23 11:19:21 | ERROR | Failed uploading /home/ec2-user/FlightData2/2023/December_2023.csv: An error occurred (403) when calling the HeadObject operation: Forbidden
Traceback (most recent call last):
  File "/home/ec2-user/flight-ingestion/uploader/upload_s3.py", line 50, in upload_csvs
    s3.head_object(
  File "/home/ec2-user/.local/lib/python3.9/site-packages/botocore/client.py", line 606, in _api_call
    return self._make_api_call(operation_name, kwargs)
  File "/home/ec2-user/.local/lib/python3.9/site-packages/botocore/context.py", line 123, in wrapper
    return func(*args, **kwargs)
  File "/home/ec2-user/.local/lib/python3.9/site-packages/botocore/client.py", line 1094, in _make_api_call
    raise error_class(parsed_response, operation_name)
botocore.exceptions.ClientError: An error occurred (403) when calling the HeadObject operation: Forbidden
2026-07-23 11:19:21 | INFO | Uploading: /home/ec2-user/FlightData2/2023/February_2023.csv
2026-07-23 11:19:23 | ERROR | Failed uploading /home/ec2-user/FlightData2/2023/February_2023.csv: An error occurred (403) when calling the HeadObject operation: Forbidden
Traceback (most recent call last):
  File "/home/ec2-user/flight-ingestion/uploader/upload_s3.py", line 50, in upload_csvs
    s3.head_object(
  File "/home/ec2-user/.local/lib/python3.9/site-packages/botocore/client.py", line 606, in _api_call
    return self._make_api_call(operation_name, kwargs)
  File "/home/ec2-user/.local/lib/python3.9/site-packages/botocore/context.py", line 123, in wrapper
    return func(*args, **kwargs)
  File "/home/ec2-user/.local/lib/python3.9/site-packages/botocore/client.py", line 1094, in _make_api_call
    raise error_class(parsed_response, operation_name)
botocore.exceptions.ClientError: An error occurred (403) when calling the HeadObject operation: Forbidden
2026-07-23 11:19:23 | INFO | Uploading: /home/ec2-user/FlightData2/2023/January_2023.csv
2026-07-23 11:19:25 | ERROR | Failed uploading /home/ec2-user/FlightData2/2023/January_2023.csv: An error occurred (403) when calling the HeadObject operation: Forbidden
Traceback (most recent call last):
  File "/home/ec2-user/flight-ingestion/uploader/upload_s3.py", line 50, in upload_csvs
    s3.head_object(
  File "/home/ec2-user/.local/lib/python3.9/site-packages/botocore/client.py", line 606, in _api_call
    return self._make_api_call(operation_name, kwargs)
  File "/home/ec2-user/.local/lib/python3.9/site-packages/botocore/context.py", line 123, in wrapper
    return func(*args, **kwargs)
  File "/home/ec2-user/.local/lib/python3.9/site-packages/botocore/client.py", line 1094, in _make_api_call
    raise error_class(parsed_response, operation_name)
botocore.exceptions.ClientError: An error occurred (403) when calling the HeadObject operation: Forbidden
2026-07-23 11:19:25 | INFO | Uploading: /home/ec2-user/FlightData2/2023/July_2023.csv
2026-07-23 11:19:28 | ERROR | Failed uploading /home/ec2-user/FlightData2/2023/July_2023.csv: An error occurred (403) when calling the HeadObject operation: Forbidden
Traceback (most recent call last):
  File "/home/ec2-user/flight-ingestion/uploader/upload_s3.py", line 50, in upload_csvs
    s3.head_object(
  File "/home/ec2-user/.local/lib/python3.9/site-packages/botocore/client.py", line 606, in _api_call
    return self._make_api_call(operation_name, kwargs)
  File "/home/ec2-user/.local/lib/python3.9/site-packages/botocore/context.py", line 123, in wrapper
    return func(*args, **kwargs)
  File "/home/ec2-user/.local/lib/python3.9/site-packages/botocore/client.py", line 1094, in _make_api_call
    raise error_class(parsed_response, operation_name)
botocore.exceptions.ClientError: An error occurred (403) when calling the HeadObject operation: Forbidden
2026-07-23 11:19:28 | INFO | Uploading: /home/ec2-user/FlightData2/2023/June_2023.csv
2026-07-23 11:19:30 | ERROR | Failed uploading /home/ec2-user/FlightData2/2023/June_2023.csv: An error occurred (403) when calling the HeadObject operation: Forbidden
Traceback (most recent call last):
  File "/home/ec2-user/flight-ingestion/uploader/upload_s3.py", line 50, in upload_csvs
    s3.head_object(
  File "/home/ec2-user/.local/lib/python3.9/site-packages/botocore/client.py", line 606, in _api_call
    return self._make_api_call(operation_name, kwargs)
  File "/home/ec2-user/.local/lib/python3.9/site-packages/botocore/context.py", line 123, in wrapper
    return func(*args, **kwargs)
  File "/home/ec2-user/.local/lib/python3.9/site-packages/botocore/client.py", line 1094, in _make_api_call
    raise error_class(parsed_response, operation_name)
botocore.exceptions.ClientError: An error occurred (403) when calling the HeadObject operation: Forbidden
2026-07-23 11:19:30 | INFO | Uploading: /home/ec2-user/FlightData2/2023/March_2023.csv
2026-07-23 11:19:32 | ERROR | Failed uploading /home/ec2-user/FlightData2/2023/March_2023.csv: An error occurred (403) when calling the HeadObject operation: Forbidden
Traceback (most recent call last):
  File "/home/ec2-user/flight-ingestion/uploader/upload_s3.py", line 50, in upload_csvs
    s3.head_object(
  File "/home/ec2-user/.local/lib/python3.9/site-packages/botocore/client.py", line 606, in _api_call
    return self._make_api_call(operation_name, kwargs)
  File "/home/ec2-user/.local/lib/python3.9/site-packages/botocore/context.py", line 123, in wrapper
    return func(*args, **kwargs)
  File "/home/ec2-user/.local/lib/python3.9/site-packages/botocore/client.py", line 1094, in _make_api_call
    raise error_class(parsed_response, operation_name)
botocore.exceptions.ClientError: An error occurred (403) when calling the HeadObject operation: Forbidden
2026-07-23 11:19:32 | INFO | Uploading: /home/ec2-user/FlightData2/2023/May_2023.csv
2026-07-23 11:19:35 | ERROR | Failed uploading /home/ec2-user/FlightData2/2023/May_2023.csv: An error occurred (403) when calling the HeadObject operation: Forbidden
Traceback (most recent call last):
  File "/home/ec2-user/flight-ingestion/uploader/upload_s3.py", line 50, in upload_csvs
    s3.head_object(
  File "/home/ec2-user/.local/lib/python3.9/site-packages/botocore/client.py", line 606, in _api_call
    return self._make_api_call(operation_name, kwargs)
  File "/home/ec2-user/.local/lib/python3.9/site-packages/botocore/context.py", line 123, in wrapper
    return func(*args, **kwargs)
  File "/home/ec2-user/.local/lib/python3.9/site-packages/botocore/client.py", line 1094, in _make_api_call
    raise error_class(parsed_response, operation_name)
botocore.exceptions.ClientError: An error occurred (403) when calling the HeadObject operation: Forbidden
2026-07-23 11:19:35 | INFO | Uploading: /home/ec2-user/FlightData2/2023/November_2023.csv
2026-07-23 11:19:37 | ERROR | Failed uploading /home/ec2-user/FlightData2/2023/November_2023.csv: An error occurred (403) when calling the HeadObject operation: Forbidden
Traceback (most recent call last):
  File "/home/ec2-user/flight-ingestion/uploader/upload_s3.py", line 50, in upload_csvs
    s3.head_object(
  File "/home/ec2-user/.local/lib/python3.9/site-packages/botocore/client.py", line 606, in _api_call
    return self._make_api_call(operation_name, kwargs)
  File "/home/ec2-user/.local/lib/python3.9/site-packages/botocore/context.py", line 123, in wrapper
    return func(*args, **kwargs)
  File "/home/ec2-user/.local/lib/python3.9/site-packages/botocore/client.py", line 1094, in _make_api_call
    raise error_class(parsed_response, operation_name)
botocore.exceptions.ClientError: An error occurred (403) when calling the HeadObject operation: Forbidden
2026-07-23 11:19:37 | INFO | Uploading: /home/ec2-user/FlightData2/2023/October_2023.csv
2026-07-23 11:19:39 | ERROR | Failed uploading /home/ec2-user/FlightData2/2023/October_2023.csv: An error occurred (403) when calling the HeadObject operation: Forbidden
Traceback (most recent call last):
  File "/home/ec2-user/flight-ingestion/uploader/upload_s3.py", line 50, in upload_csvs
    s3.head_object(
  File "/home/ec2-user/.local/lib/python3.9/site-packages/botocore/client.py", line 606, in _api_call
    return self._make_api_call(operation_name, kwargs)
  File "/home/ec2-user/.local/lib/python3.9/site-packages/botocore/context.py", line 123, in wrapper
    return func(*args, **kwargs)
  File "/home/ec2-user/.local/lib/python3.9/site-packages/botocore/client.py", line 1094, in _make_api_call
    raise error_class(parsed_response, operation_name)
botocore.exceptions.ClientError: An error occurred (403) when calling the HeadObject operation: Forbidden
2026-07-23 11:19:39 | INFO | Uploading: /home/ec2-user/FlightData2/2023/September_2023.csv
2026-07-23 11:19:42 | ERROR | Failed uploading /home/ec2-user/FlightData2/2023/September_2023.csv: An error occurred (403) when calling the HeadObject operation: Forbidden
Traceback (most recent call last):
  File "/home/ec2-user/flight-ingestion/uploader/upload_s3.py", line 50, in upload_csvs
    s3.head_object(
  File "/home/ec2-user/.local/lib/python3.9/site-packages/botocore/client.py", line 606, in _api_call
    return self._make_api_call(operation_name, kwargs)
  File "/home/ec2-user/.local/lib/python3.9/site-packages/botocore/context.py", line 123, in wrapper
    return func(*args, **kwargs)
  File "/home/ec2-user/.local/lib/python3.9/site-packages/botocore/client.py", line 1094, in _make_api_call
    raise error_class(parsed_response, operation_name)
botocore.exceptions.ClientError: An error occurred (403) when calling the HeadObject operation: Forbidden
2026-07-23 11:19:42 | INFO | Uploading: /home/ec2-user/FlightData2/2024/April_2024.csv
2026-07-23 11:19:44 | ERROR | Failed uploading /home/ec2-user/FlightData2/2024/April_2024.csv: An error occurred (403) when calling the HeadObject operation: Forbidden
Traceback (most recent call last):
  File "/home/ec2-user/flight-ingestion/uploader/upload_s3.py", line 50, in upload_csvs
    s3.head_object(
  File "/home/ec2-user/.local/lib/python3.9/site-packages/botocore/client.py", line 606, in _api_call
    return self._make_api_call(operation_name, kwargs)
  File "/home/ec2-user/.local/lib/python3.9/site-packages/botocore/context.py", line 123, in wrapper
    return func(*args, **kwargs)
  File "/home/ec2-user/.local/lib/python3.9/site-packages/botocore/client.py", line 1094, in _make_api_call
    raise error_class(parsed_response, operation_name)
botocore.exceptions.ClientError: An error occurred (403) when calling the HeadObject operation: Forbidden
2026-07-23 11:19:44 | INFO | Uploading: /home/ec2-user/FlightData2/2024/August_2024.csv
2026-07-23 11:19:46 | ERROR | Failed uploading /home/ec2-user/FlightData2/2024/August_2024.csv: An error occurred (403) when calling the HeadObject operation: Forbidden
Traceback (most recent call last):
  File "/home/ec2-user/flight-ingestion/uploader/upload_s3.py", line 50, in upload_csvs
    s3.head_object(
  File "/home/ec2-user/.local/lib/python3.9/site-packages/botocore/client.py", line 606, in _api_call
    return self._make_api_call(operation_name, kwargs)
  File "/home/ec2-user/.local/lib/python3.9/site-packages/botocore/context.py", line 123, in wrapper
    return func(*args, **kwargs)
  File "/home/ec2-user/.local/lib/python3.9/site-packages/botocore/client.py", line 1094, in _make_api_call
    raise error_class(parsed_response, operation_name)
botocore.exceptions.ClientError: An error occurred (403) when calling the HeadObject operation: Forbidden
2026-07-23 11:19:46 | INFO | Uploading: /home/ec2-user/FlightData2/2024/December_2024.csv
2026-07-23 11:19:49 | ERROR | Failed uploading /home/ec2-user/FlightData2/2024/December_2024.csv: An error occurred (403) when calling the HeadObject operation: Forbidden
Traceback (most recent call last):
  File "/home/ec2-user/flight-ingestion/uploader/upload_s3.py", line 50, in upload_csvs
    s3.head_object(
  File "/home/ec2-user/.local/lib/python3.9/site-packages/botocore/client.py", line 606, in _api_call
    return self._make_api_call(operation_name, kwargs)
  File "/home/ec2-user/.local/lib/python3.9/site-packages/botocore/context.py", line 123, in wrapper
    return func(*args, **kwargs)
  File "/home/ec2-user/.local/lib/python3.9/site-packages/botocore/client.py", line 1094, in _make_api_call
    raise error_class(parsed_response, operation_name)
botocore.exceptions.ClientError: An error occurred (403) when calling the HeadObject operation: Forbidden
2026-07-23 11:19:49 | INFO | Uploading: /home/ec2-user/FlightData2/2024/February_2024.csv
2026-07-23 11:19:51 | ERROR | Failed uploading /home/ec2-user/FlightData2/2024/February_2024.csv: An error occurred (403) when calling the HeadObject operation: Forbidden
Traceback (most recent call last):
  File "/home/ec2-user/flight-ingestion/uploader/upload_s3.py", line 50, in upload_csvs
    s3.head_object(
  File "/home/ec2-user/.local/lib/python3.9/site-packages/botocore/client.py", line 606, in _api_call
    return self._make_api_call(operation_name, kwargs)
  File "/home/ec2-user/.local/lib/python3.9/site-packages/botocore/context.py", line 123, in wrapper
    return func(*args, **kwargs)
  File "/home/ec2-user/.local/lib/python3.9/site-packages/botocore/client.py", line 1094, in _make_api_call
    raise error_class(parsed_response, operation_name)
botocore.exceptions.ClientError: An error occurred (403) when calling the HeadObject operation: Forbidden
2026-07-23 11:19:51 | INFO | Uploading: /home/ec2-user/FlightData2/2024/January_2024.csv
2026-07-23 11:19:53 | ERROR | Failed uploading /home/ec2-user/FlightData2/2024/January_2024.csv: An error occurred (403) when calling the HeadObject operation: Forbidden
Traceback (most recent call last):
  File "/home/ec2-user/flight-ingestion/uploader/upload_s3.py", line 50, in upload_csvs
    s3.head_object(
  File "/home/ec2-user/.local/lib/python3.9/site-packages/botocore/client.py", line 606, in _api_call
    return self._make_api_call(operation_name, kwargs)
  File "/home/ec2-user/.local/lib/python3.9/site-packages/botocore/context.py", line 123, in wrapper
    return func(*args, **kwargs)
  File "/home/ec2-user/.local/lib/python3.9/site-packages/botocore/client.py", line 1094, in _make_api_call
    raise error_class(parsed_response, operation_name)
botocore.exceptions.ClientError: An error occurred (403) when calling the HeadObject operation: Forbidden
2026-07-23 11:19:53 | INFO | Uploading: /home/ec2-user/FlightData2/2024/July_2024.csv
2026-07-23 11:19:56 | ERROR | Failed uploading /home/ec2-user/FlightData2/2024/July_2024.csv: An error occurred (403) when calling the HeadObject operation: Forbidden
Traceback (most recent call last):
  File "/home/ec2-user/flight-ingestion/uploader/upload_s3.py", line 50, in upload_csvs
    s3.head_object(
  File "/home/ec2-user/.local/lib/python3.9/site-packages/botocore/client.py", line 606, in _api_call
    return self._make_api_call(operation_name, kwargs)
  File "/home/ec2-user/.local/lib/python3.9/site-packages/botocore/context.py", line 123, in wrapper
    return func(*args, **kwargs)
  File "/home/ec2-user/.local/lib/python3.9/site-packages/botocore/client.py", line 1094, in _make_api_call
    raise error_class(parsed_response, operation_name)
botocore.exceptions.ClientError: An error occurred (403) when calling the HeadObject operation: Forbidden
2026-07-23 11:19:56 | INFO | Uploading: /home/ec2-user/FlightData2/2024/June_2024.csv
2026-07-23 11:19:58 | ERROR | Failed uploading /home/ec2-user/FlightData2/2024/June_2024.csv: An error occurred (403) when calling the HeadObject operation: Forbidden
Traceback (most recent call last):
  File "/home/ec2-user/flight-ingestion/uploader/upload_s3.py", line 50, in upload_csvs
    s3.head_object(
  File "/home/ec2-user/.local/lib/python3.9/site-packages/botocore/client.py", line 606, in _api_call
    return self._make_api_call(operation_name, kwargs)
  File "/home/ec2-user/.local/lib/python3.9/site-packages/botocore/context.py", line 123, in wrapper
    return func(*args, **kwargs)
  File "/home/ec2-user/.local/lib/python3.9/site-packages/botocore/client.py", line 1094, in _make_api_call
    raise error_class(parsed_response, operation_name)
botocore.exceptions.ClientError: An error occurred (403) when calling the HeadObject operation: Forbidden
2026-07-23 11:19:58 | INFO | Uploading: /home/ec2-user/FlightData2/2024/March_2024.csv
2026-07-23 11:20:00 | ERROR | Failed uploading /home/ec2-user/FlightData2/2024/March_2024.csv: An error occurred (403) when calling the HeadObject operation: Forbidden
Traceback (most recent call last):
  File "/home/ec2-user/flight-ingestion/uploader/upload_s3.py", line 50, in upload_csvs
    s3.head_object(
  File "/home/ec2-user/.local/lib/python3.9/site-packages/botocore/client.py", line 606, in _api_call
    return self._make_api_call(operation_name, kwargs)
  File "/home/ec2-user/.local/lib/python3.9/site-packages/botocore/context.py", line 123, in wrapper
    return func(*args, **kwargs)
  File "/home/ec2-user/.local/lib/python3.9/site-packages/botocore/client.py", line 1094, in _make_api_call
    raise error_class(parsed_response, operation_name)
botocore.exceptions.ClientError: An error occurred (403) when calling the HeadObject operation: Forbidden
2026-07-23 11:20:00 | INFO | Uploading: /home/ec2-user/FlightData2/2024/May_2024.csv
2026-07-23 11:20:02 | ERROR | Failed uploading /home/ec2-user/FlightData2/2024/May_2024.csv: An error occurred (403) when calling the HeadObject operation: Forbidden
Traceback (most recent call last):
  File "/home/ec2-user/flight-ingestion/uploader/upload_s3.py", line 50, in upload_csvs
    s3.head_object(
  File "/home/ec2-user/.local/lib/python3.9/site-packages/botocore/client.py", line 606, in _api_call
    return self._make_api_call(operation_name, kwargs)
  File "/home/ec2-user/.local/lib/python3.9/site-packages/botocore/context.py", line 123, in wrapper
    return func(*args, **kwargs)
  File "/home/ec2-user/.local/lib/python3.9/site-packages/botocore/client.py", line 1094, in _make_api_call
    raise error_class(parsed_response, operation_name)
botocore.exceptions.ClientError: An error occurred (403) when calling the HeadObject operation: Forbidden
2026-07-23 11:20:02 | INFO | Uploading: /home/ec2-user/FlightData2/2024/November_2024.csv
2026-07-23 11:20:05 | ERROR | Failed uploading /home/ec2-user/FlightData2/2024/November_2024.csv: An error occurred (403) when calling the HeadObject operation: Forbidden
Traceback (most recent call last):
  File "/home/ec2-user/flight-ingestion/uploader/upload_s3.py", line 50, in upload_csvs
    s3.head_object(
  File "/home/ec2-user/.local/lib/python3.9/site-packages/botocore/client.py", line 606, in _api_call
    return self._make_api_call(operation_name, kwargs)
  File "/home/ec2-user/.local/lib/python3.9/site-packages/botocore/context.py", line 123, in wrapper
    return func(*args, **kwargs)
  File "/home/ec2-user/.local/lib/python3.9/site-packages/botocore/client.py", line 1094, in _make_api_call
    raise error_class(parsed_response, operation_name)
botocore.exceptions.ClientError: An error occurred (403) when calling the HeadObject operation: Forbidden
2026-07-23 11:20:05 | INFO | Uploading: /home/ec2-user/FlightData2/2024/October_2024.csv
2026-07-23 11:20:07 | ERROR | Failed uploading /home/ec2-user/FlightData2/2024/October_2024.csv: An error occurred (403) when calling the HeadObject operation: Forbidden
Traceback (most recent call last):
  File "/home/ec2-user/flight-ingestion/uploader/upload_s3.py", line 50, in upload_csvs
    s3.head_object(
  File "/home/ec2-user/.local/lib/python3.9/site-packages/botocore/client.py", line 606, in _api_call
    return self._make_api_call(operation_name, kwargs)
  File "/home/ec2-user/.local/lib/python3.9/site-packages/botocore/context.py", line 123, in wrapper
    return func(*args, **kwargs)
  File "/home/ec2-user/.local/lib/python3.9/site-packages/botocore/client.py", line 1094, in _make_api_call
    raise error_class(parsed_response, operation_name)
botocore.exceptions.ClientError: An error occurred (403) when calling the HeadObject operation: Forbidden
2026-07-23 11:20:07 | INFO | Uploading: /home/ec2-user/FlightData2/2024/September_2024.csv
2026-07-23 11:20:09 | ERROR | Failed uploading /home/ec2-user/FlightData2/2024/September_2024.csv: An error occurred (403) when calling the HeadObject operation: Forbidden
Traceback (most recent call last):
  File "/home/ec2-user/flight-ingestion/uploader/upload_s3.py", line 50, in upload_csvs
    s3.head_object(
  File "/home/ec2-user/.local/lib/python3.9/site-packages/botocore/client.py", line 606, in _api_call
    return self._make_api_call(operation_name, kwargs)
  File "/home/ec2-user/.local/lib/python3.9/site-packages/botocore/context.py", line 123, in wrapper
    return func(*args, **kwargs)
  File "/home/ec2-user/.local/lib/python3.9/site-packages/botocore/client.py", line 1094, in _make_api_call
    raise error_class(parsed_response, operation_name)
botocore.exceptions.ClientError: An error occurred (403) when calling the HeadObject operation: Forbidden
2026-07-23 11:20:09 | INFO | Uploading: /home/ec2-user/FlightData2/2025/April_2025.csv
2026-07-23 11:20:12 | ERROR | Failed uploading /home/ec2-user/FlightData2/2025/April_2025.csv: An error occurred (403) when calling the HeadObject operation: Forbidden
Traceback (most recent call last):
  File "/home/ec2-user/flight-ingestion/uploader/upload_s3.py", line 50, in upload_csvs
    s3.head_object(
  File "/home/ec2-user/.local/lib/python3.9/site-packages/botocore/client.py", line 606, in _api_call
    return self._make_api_call(operation_name, kwargs)
  File "/home/ec2-user/.local/lib/python3.9/site-packages/botocore/context.py", line 123, in wrapper
    return func(*args, **kwargs)
  File "/home/ec2-user/.local/lib/python3.9/site-packages/botocore/client.py", line 1094, in _make_api_call
    raise error_class(parsed_response, operation_name)
botocore.exceptions.ClientError: An error occurred (403) when calling the HeadObject operation: Forbidden
2026-07-23 11:20:12 | INFO | Uploading: /home/ec2-user/FlightData2/2025/August_2025.csv
2026-07-23 11:20:14 | ERROR | Failed uploading /home/ec2-user/FlightData2/2025/August_2025.csv: An error occurred (403) when calling the HeadObject operation: Forbidden
Traceback (most recent call last):
  File "/home/ec2-user/flight-ingestion/uploader/upload_s3.py", line 50, in upload_csvs
    s3.head_object(
  File "/home/ec2-user/.local/lib/python3.9/site-packages/botocore/client.py", line 606, in _api_call
    return self._make_api_call(operation_name, kwargs)
  File "/home/ec2-user/.local/lib/python3.9/site-packages/botocore/context.py", line 123, in wrapper
    return func(*args, **kwargs)
  File "/home/ec2-user/.local/lib/python3.9/site-packages/botocore/client.py", line 1094, in _make_api_call
    raise error_class(parsed_response, operation_name)
botocore.exceptions.ClientError: An error occurred (403) when calling the HeadObject operation: Forbidden
2026-07-23 11:20:14 | INFO | Uploading: /home/ec2-user/FlightData2/2025/December_2025.csv
2026-07-23 11:20:17 | ERROR | Failed uploading /home/ec2-user/FlightData2/2025/December_2025.csv: An error occurred (403) when calling the HeadObject operation: Forbidden
Traceback (most recent call last):
  File "/home/ec2-user/flight-ingestion/uploader/upload_s3.py", line 50, in upload_csvs
    s3.head_object(
  File "/home/ec2-user/.local/lib/python3.9/site-packages/botocore/client.py", line 606, in _api_call
    return self._make_api_call(operation_name, kwargs)
  File "/home/ec2-user/.local/lib/python3.9/site-packages/botocore/context.py", line 123, in wrapper
    return func(*args, **kwargs)
  File "/home/ec2-user/.local/lib/python3.9/site-packages/botocore/client.py", line 1094, in _make_api_call
    raise error_class(parsed_response, operation_name)
botocore.exceptions.ClientError: An error occurred (403) when calling the HeadObject operation: Forbidden
2026-07-23 11:20:17 | INFO | Uploading: /home/ec2-user/FlightData2/2025/February_2025.csv
2026-07-23 11:20:19 | ERROR | Failed uploading /home/ec2-user/FlightData2/2025/February_2025.csv: An error occurred (403) when calling the HeadObject operation: Forbidden
Traceback (most recent call last):
  File "/home/ec2-user/flight-ingestion/uploader/upload_s3.py", line 50, in upload_csvs
    s3.head_object(
  File "/home/ec2-user/.local/lib/python3.9/site-packages/botocore/client.py", line 606, in _api_call
    return self._make_api_call(operation_name, kwargs)
  File "/home/ec2-user/.local/lib/python3.9/site-packages/botocore/context.py", line 123, in wrapper
    return func(*args, **kwargs)
  File "/home/ec2-user/.local/lib/python3.9/site-packages/botocore/client.py", line 1094, in _make_api_call
    raise error_class(parsed_response, operation_name)
botocore.exceptions.ClientError: An error occurred (403) when calling the HeadObject operation: Forbidden
2026-07-23 11:20:19 | INFO | Uploading: /home/ec2-user/FlightData2/2025/January_2025.csv
2026-07-23 11:20:20 | ERROR | Failed uploading /home/ec2-user/FlightData2/2025/January_2025.csv: An error occurred (403) when calling the HeadObject operation: Forbidden
Traceback (most recent call last):
  File "/home/ec2-user/flight-ingestion/uploader/upload_s3.py", line 50, in upload_csvs
    s3.head_object(
  File "/home/ec2-user/.local/lib/python3.9/site-packages/botocore/client.py", line 606, in _api_call
    return self._make_api_call(operation_name, kwargs)
  File "/home/ec2-user/.local/lib/python3.9/site-packages/botocore/context.py", line 123, in wrapper
    return func(*args, **kwargs)
  File "/home/ec2-user/.local/lib/python3.9/site-packages/botocore/client.py", line 1094, in _make_api_call
    raise error_class(parsed_response, operation_name)
botocore.exceptions.ClientError: An error occurred (403) when calling the HeadObject operation: Forbidden
2026-07-23 11:20:20 | INFO | Uploading: /home/ec2-user/FlightData2/2025/July_2025.csv
2026-07-23 11:20:22 | ERROR | Failed uploading /home/ec2-user/FlightData2/2025/July_2025.csv: An error occurred (403) when calling the HeadObject operation: Forbidden
Traceback (most recent call last):
  File "/home/ec2-user/flight-ingestion/uploader/upload_s3.py", line 50, in upload_csvs
    s3.head_object(
  File "/home/ec2-user/.local/lib/python3.9/site-packages/botocore/client.py", line 606, in _api_call
    return self._make_api_call(operation_name, kwargs)
  File "/home/ec2-user/.local/lib/python3.9/site-packages/botocore/context.py", line 123, in wrapper
    return func(*args, **kwargs)
  File "/home/ec2-user/.local/lib/python3.9/site-packages/botocore/client.py", line 1094, in _make_api_call
    raise error_class(parsed_response, operation_name)
botocore.exceptions.ClientError: An error occurred (403) when calling the HeadObject operation: Forbidden
2026-07-23 11:20:22 | INFO | Uploading: /home/ec2-user/FlightData2/2025/June_2025.csv
2026-07-23 11:20:23 | ERROR | Failed uploading /home/ec2-user/FlightData2/2025/June_2025.csv: An error occurred (403) when calling the HeadObject operation: Forbidden
Traceback (most recent call last):
  File "/home/ec2-user/flight-ingestion/uploader/upload_s3.py", line 50, in upload_csvs
    s3.head_object(
  File "/home/ec2-user/.local/lib/python3.9/site-packages/botocore/client.py", line 606, in _api_call
    return self._make_api_call(operation_name, kwargs)
  File "/home/ec2-user/.local/lib/python3.9/site-packages/botocore/context.py", line 123, in wrapper
    return func(*args, **kwargs)
  File "/home/ec2-user/.local/lib/python3.9/site-packages/botocore/client.py", line 1094, in _make_api_call
    raise error_class(parsed_response, operation_name)
botocore.exceptions.ClientError: An error occurred (403) when calling the HeadObject operation: Forbidden
2026-07-23 11:20:23 | INFO | Uploading: /home/ec2-user/FlightData2/2025/March_2025.csv
2026-07-23 11:20:24 | ERROR | Failed uploading /home/ec2-user/FlightData2/2025/March_2025.csv: An error occurred (403) when calling the HeadObject operation: Forbidden
Traceback (most recent call last):
  File "/home/ec2-user/flight-ingestion/uploader/upload_s3.py", line 50, in upload_csvs
    s3.head_object(
  File "/home/ec2-user/.local/lib/python3.9/site-packages/botocore/client.py", line 606, in _api_call
    return self._make_api_call(operation_name, kwargs)
  File "/home/ec2-user/.local/lib/python3.9/site-packages/botocore/context.py", line 123, in wrapper
    return func(*args, **kwargs)
  File "/home/ec2-user/.local/lib/python3.9/site-packages/botocore/client.py", line 1094, in _make_api_call
    raise error_class(parsed_response, operation_name)
botocore.exceptions.ClientError: An error occurred (403) when calling the HeadObject operation: Forbidden
2026-07-23 11:20:24 | INFO | Uploading: /home/ec2-user/FlightData2/2025/May_2025.csv
2026-07-23 11:20:26 | ERROR | Failed uploading /home/ec2-user/FlightData2/2025/May_2025.csv: An error occurred (403) when calling the HeadObject operation: Forbidden
Traceback (most recent call last):
  File "/home/ec2-user/flight-ingestion/uploader/upload_s3.py", line 50, in upload_csvs
    s3.head_object(
  File "/home/ec2-user/.local/lib/python3.9/site-packages/botocore/client.py", line 606, in _api_call
    return self._make_api_call(operation_name, kwargs)
  File "/home/ec2-user/.local/lib/python3.9/site-packages/botocore/context.py", line 123, in wrapper
    return func(*args, **kwargs)
  File "/home/ec2-user/.local/lib/python3.9/site-packages/botocore/client.py", line 1094, in _make_api_call
    raise error_class(parsed_response, operation_name)
botocore.exceptions.ClientError: An error occurred (403) when calling the HeadObject operation: Forbidden
2026-07-23 11:20:26 | INFO | Uploading: /home/ec2-user/FlightData2/2025/November_2025.csv
2026-07-23 11:20:28 | ERROR | Failed uploading /home/ec2-user/FlightData2/2025/November_2025.csv: An error occurred (403) when calling the HeadObject operation: Forbidden
Traceback (most recent call last):
  File "/home/ec2-user/flight-ingestion/uploader/upload_s3.py", line 50, in upload_csvs
    s3.head_object(
  File "/home/ec2-user/.local/lib/python3.9/site-packages/botocore/client.py", line 606, in _api_call
    return self._make_api_call(operation_name, kwargs)
  File "/home/ec2-user/.local/lib/python3.9/site-packages/botocore/context.py", line 123, in wrapper
    return func(*args, **kwargs)
  File "/home/ec2-user/.local/lib/python3.9/site-packages/botocore/client.py", line 1094, in _make_api_call
    raise error_class(parsed_response, operation_name)
botocore.exceptions.ClientError: An error occurred (403) when calling the HeadObject operation: Forbidden
2026-07-23 11:20:28 | INFO | Uploading: /home/ec2-user/FlightData2/2025/October_2025.csv
2026-07-23 11:20:31 | ERROR | Failed uploading /home/ec2-user/FlightData2/2025/October_2025.csv: An error occurred (403) when calling the HeadObject operation: Forbidden
Traceback (most recent call last):
  File "/home/ec2-user/flight-ingestion/uploader/upload_s3.py", line 50, in upload_csvs
    s3.head_object(
  File "/home/ec2-user/.local/lib/python3.9/site-packages/botocore/client.py", line 606, in _api_call
    return self._make_api_call(operation_name, kwargs)
  File "/home/ec2-user/.local/lib/python3.9/site-packages/botocore/context.py", line 123, in wrapper
    return func(*args, **kwargs)
  File "/home/ec2-user/.local/lib/python3.9/site-packages/botocore/client.py", line 1094, in _make_api_call
    raise error_class(parsed_response, operation_name)
botocore.exceptions.ClientError: An error occurred (403) when calling the HeadObject operation: Forbidden
2026-07-23 11:20:31 | INFO | Uploading: /home/ec2-user/FlightData2/2025/September_2025.csv
2026-07-23 11:20:33 | ERROR | Failed uploading /home/ec2-user/FlightData2/2025/September_2025.csv: An error occurred (403) when calling the HeadObject operation: Forbidden
Traceback (most recent call last):
  File "/home/ec2-user/flight-ingestion/uploader/upload_s3.py", line 50, in upload_csvs
    s3.head_object(
  File "/home/ec2-user/.local/lib/python3.9/site-packages/botocore/client.py", line 606, in _api_call
    return self._make_api_call(operation_name, kwargs)
  File "/home/ec2-user/.local/lib/python3.9/site-packages/botocore/context.py", line 123, in wrapper
    return func(*args, **kwargs)
  File "/home/ec2-user/.local/lib/python3.9/site-packages/botocore/client.py", line 1094, in _make_api_call
    raise error_class(parsed_response, operation_name)
botocore.exceptions.ClientError: An error occurred (403) when calling the HeadObject operation: Forbidden
2026-07-23 11:20:33 | INFO | ============================================================
2026-07-23 11:20:33 | INFO | Uploaded Files : 0
2026-07-23 11:20:33 | INFO | Failed Files   : 72
2026-07-23 11:20:33 | INFO | ============================================================
