2026-07-23 11:27:50 | INFO | Downloading dataset from Kaggle...
2026-07-23 11:28:15 | INFO | Dataset URL: https://www.kaggle.com/datasets/rachit753patel/airline-flight-data-2020-2025
License(s): unknown
Downloading airline-flight-data-2020-2025.zip to /home/ec2-user


2026-07-23 11:28:15 | INFO | ZIP Downloaded : /home/ec2-user/airline-flight-data-2020-2025.zip
2026-07-23 11:28:15 | INFO | Extracting: /home/ec2-user/airline-flight-data-2020-2025.zip
2026-07-23 11:30:58 | INFO | Extraction completed.
2026-07-23 11:30:58 | INFO | Uploading: /home/ec2-user/FlightData2/2020/April_2020.csv
2026-07-23 11:31:00 | INFO | Uploaded successfully -> s3://viraj-final-project/raw/2020/April_2020.csv
2026-07-23 11:31:00 | INFO | Deleted local file: /home/ec2-user/FlightData2/2020/April_2020.csv
2026-07-23 11:31:00 | INFO | Uploading: /home/ec2-user/FlightData2/2020/August_2020.csv
2026-07-23 11:31:02 | INFO | Uploaded successfully -> s3://viraj-final-project/raw/2020/August_2020.csv
2026-07-23 11:31:02 | INFO | Deleted local file: /home/ec2-user/FlightData2/2020/August_2020.csv
2026-07-23 11:31:02 | INFO | Uploading: /home/ec2-user/FlightData2/2020/December_2020.csv
2026-07-23 11:31:04 | INFO | Uploaded successfully -> s3://viraj-final-project/raw/2020/December_2020.csv
2026-07-23 11:31:04 | INFO | Deleted local file: /home/ec2-user/FlightData2/2020/December_2020.csv
2026-07-23 11:31:04 | INFO | Uploading: /home/ec2-user/FlightData2/2020/February_2020.csv
2026-07-23 11:31:07 | INFO | Uploaded successfully -> s3://viraj-final-project/raw/2020/February_2020.csv
2026-07-23 11:31:07 | INFO | Deleted local file: /home/ec2-user/FlightData2/2020/February_2020.csv
2026-07-23 11:31:07 | INFO | Uploading: /home/ec2-user/FlightData2/2020/January_2020.csv
2026-07-23 11:31:10 | INFO | Uploaded successfully -> s3://viraj-final-project/raw/2020/January_2020.csv
2026-07-23 11:31:10 | INFO | Deleted local file: /home/ec2-user/FlightData2/2020/January_2020.csv
2026-07-23 11:31:10 | INFO | Uploading: /home/ec2-user/FlightData2/2020/July_2020.csv
2026-07-23 11:31:12 | INFO | Uploaded successfully -> s3://viraj-final-project/raw/2020/July_2020.csv
2026-07-23 11:31:12 | INFO | Deleted local file: /home/ec2-user/FlightData2/2020/July_2020.csv
2026-07-23 11:31:12 | INFO | Uploading: /home/ec2-user/FlightData2/2020/June_2020.csv
2026-07-23 11:31:13 | INFO | Uploaded successfully -> s3://viraj-final-project/raw/2020/June_2020.csv
2026-07-23 11:31:13 | INFO | Deleted local file: /home/ec2-user/FlightData2/2020/June_2020.csv
2026-07-23 11:31:13 | INFO | Uploading: /home/ec2-user/FlightData2/2020/March_2020.csv
2026-07-23 11:31:16 | INFO | Uploaded successfully -> s3://viraj-final-project/raw/2020/March_2020.csv
2026-07-23 11:31:16 | INFO | Deleted local file: /home/ec2-user/FlightData2/2020/March_2020.csv
2026-07-23 11:31:16 | INFO | Uploading: /home/ec2-user/FlightData2/2020/May_2020.csv
2026-07-23 11:31:17 | INFO | Uploaded successfully -> s3://viraj-final-project/raw/2020/May_2020.csv
2026-07-23 11:31:17 | INFO | Deleted local file: /home/ec2-user/FlightData2/2020/May_2020.csv
2026-07-23 11:31:17 | INFO | Uploading: /home/ec2-user/FlightData2/2020/November_2020.csv
2026-07-23 11:31:19 | INFO | Uploaded successfully -> s3://viraj-final-project/raw/2020/November_2020.csv
2026-07-23 11:31:19 | INFO | Deleted local file: /home/ec2-user/FlightData2/2020/November_2020.csv
2026-07-23 11:31:19 | INFO | Uploading: /home/ec2-user/FlightData2/2020/October_2020.csv
2026-07-23 11:31:21 | INFO | Uploaded successfully -> s3://viraj-final-project/raw/2020/October_2020.csv
2026-07-23 11:31:21 | INFO | Deleted local file: /home/ec2-user/FlightData2/2020/October_2020.csv
2026-07-23 11:31:21 | INFO | Uploading: /home/ec2-user/FlightData2/2020/September_2020.csv
2026-07-23 11:31:23 | INFO | Uploaded successfully -> s3://viraj-final-project/raw/2020/September_2020.csv
2026-07-23 11:31:23 | INFO | Deleted local file: /home/ec2-user/FlightData2/2020/September_2020.csv
2026-07-23 11:31:23 | INFO | Uploading: /home/ec2-user/FlightData2/2021/April_2021.csv
2026-07-23 11:31:25 | INFO | Uploaded successfully -> s3://viraj-final-project/raw/2021/April_2021.csv
2026-07-23 11:31:25 | INFO | Deleted local file: /home/ec2-user/FlightData2/2021/April_2021.csv
2026-07-23 11:31:25 | INFO | Uploading: /home/ec2-user/FlightData2/2021/August_2021.csv
2026-07-23 11:31:28 | INFO | Uploaded successfully -> s3://viraj-final-project/raw/2021/August_2021.csv
2026-07-23 11:31:28 | INFO | Deleted local file: /home/ec2-user/FlightData2/2021/August_2021.csv
2026-07-23 11:31:28 | INFO | Uploading: /home/ec2-user/FlightData2/2021/December_2021.csv
2026-07-23 11:31:31 | INFO | Uploaded successfully -> s3://viraj-final-project/raw/2021/December_2021.csv
2026-07-23 11:31:31 | INFO | Deleted local file: /home/ec2-user/FlightData2/2021/December_2021.csv
2026-07-23 11:31:31 | INFO | Uploading: /home/ec2-user/FlightData2/2021/February_2021.csv
2026-07-23 11:31:33 | INFO | Uploaded successfully -> s3://viraj-final-project/raw/2021/February_2021.csv
2026-07-23 11:31:33 | INFO | Deleted local file: /home/ec2-user/FlightData2/2021/February_2021.csv
2026-07-23 11:31:33 | INFO | Uploading: /home/ec2-user/FlightData2/2021/January_2021.csv
2026-07-23 11:31:35 | INFO | Uploaded successfully -> s3://viraj-final-project/raw/2021/January_2021.csv
2026-07-23 11:31:35 | INFO | Deleted local file: /home/ec2-user/FlightData2/2021/January_2021.csv
2026-07-23 11:31:35 | INFO | Uploading: /home/ec2-user/FlightData2/2021/July_2021.csv
2026-07-23 11:31:38 | INFO | Uploaded successfully -> s3://viraj-final-project/raw/2021/July_2021.csv
2026-07-23 11:31:38 | INFO | Deleted local file: /home/ec2-user/FlightData2/2021/July_2021.csv
2026-07-23 11:31:38 | INFO | Uploading: /home/ec2-user/FlightData2/2021/June_2021.csv
2026-07-23 11:31:41 | INFO | Uploaded successfully -> s3://viraj-final-project/raw/2021/June_2021.csv
2026-07-23 11:31:41 | INFO | Deleted local file: /home/ec2-user/FlightData2/2021/June_2021.csv
2026-07-23 11:31:41 | INFO | Uploading: /home/ec2-user/FlightData2/2021/March_2021.csv
2026-07-23 11:31:43 | INFO | Uploaded successfully -> s3://viraj-final-project/raw/2021/March_2021.csv
2026-07-23 11:31:43 | INFO | Deleted local file: /home/ec2-user/FlightData2/2021/March_2021.csv
2026-07-23 11:31:43 | INFO | Uploading: /home/ec2-user/FlightData2/2021/May_2021.csv
2026-07-23 11:31:45 | INFO | Uploaded successfully -> s3://viraj-final-project/raw/2021/May_2021.csv
2026-07-23 11:31:45 | INFO | Deleted local file: /home/ec2-user/FlightData2/2021/May_2021.csv
2026-07-23 11:31:45 | INFO | Uploading: /home/ec2-user/FlightData2/2021/November_2021.csv
2026-07-23 11:31:47 | INFO | Uploaded successfully -> s3://viraj-final-project/raw/2021/November_2021.csv
2026-07-23 11:31:47 | INFO | Deleted local file: /home/ec2-user/FlightData2/2021/November_2021.csv
2026-07-23 11:31:47 | INFO | Uploading: /home/ec2-user/FlightData2/2021/October_2021.csv
2026-07-23 11:31:49 | INFO | Uploaded successfully -> s3://viraj-final-project/raw/2021/October_2021.csv
2026-07-23 11:31:49 | INFO | Deleted local file: /home/ec2-user/FlightData2/2021/October_2021.csv
2026-07-23 11:31:49 | INFO | Uploading: /home/ec2-user/FlightData2/2021/September_2021.csv
2026-07-23 11:31:52 | INFO | Uploaded successfully -> s3://viraj-final-project/raw/2021/September_2021.csv
2026-07-23 11:31:52 | INFO | Deleted local file: /home/ec2-user/FlightData2/2021/September_2021.csv
2026-07-23 11:31:52 | INFO | Uploading: /home/ec2-user/FlightData2/2022/April_2022.csv
2026-07-23 11:31:54 | INFO | Uploaded successfully -> s3://viraj-final-project/raw/2022/April_2022.csv
2026-07-23 11:31:54 | INFO | Deleted local file: /home/ec2-user/FlightData2/2022/April_2022.csv
2026-07-23 11:31:54 | INFO | Uploading: /home/ec2-user/FlightData2/2022/August_2022.csv
2026-07-23 11:31:56 | INFO | Uploaded successfully -> s3://viraj-final-project/raw/2022/August_2022.csv
2026-07-23 11:31:56 | INFO | Deleted local file: /home/ec2-user/FlightData2/2022/August_2022.csv
2026-07-23 11:31:56 | INFO | Uploading: /home/ec2-user/FlightData2/2022/December_2022.csv
2026-07-23 11:31:58 | INFO | Uploaded successfully -> s3://viraj-final-project/raw/2022/December_2022.csv
2026-07-23 11:31:58 | INFO | Deleted local file: /home/ec2-user/FlightData2/2022/December_2022.csv
2026-07-23 11:31:58 | INFO | Uploading: /home/ec2-user/FlightData2/2022/February_2022.csv
2026-07-23 11:32:00 | INFO | Uploaded successfully -> s3://viraj-final-project/raw/2022/February_2022.csv
2026-07-23 11:32:00 | INFO | Deleted local file: /home/ec2-user/FlightData2/2022/February_2022.csv
2026-07-23 11:32:00 | INFO | Uploading: /home/ec2-user/FlightData2/2022/January_2022.csv
2026-07-23 11:32:02 | INFO | Uploaded successfully -> s3://viraj-final-project/raw/2022/January_2022.csv
2026-07-23 11:32:02 | INFO | Deleted local file: /home/ec2-user/FlightData2/2022/January_2022.csv
2026-07-23 11:32:02 | INFO | Uploading: /home/ec2-user/FlightData2/2022/July_2022.csv
2026-07-23 11:32:05 | INFO | Uploaded successfully -> s3://viraj-final-project/raw/2022/July_2022.csv
2026-07-23 11:32:05 | INFO | Deleted local file: /home/ec2-user/FlightData2/2022/July_2022.csv
2026-07-23 11:32:05 | INFO | Uploading: /home/ec2-user/FlightData2/2022/June_2022.csv
2026-07-23 11:32:07 | INFO | Uploaded successfully -> s3://viraj-final-project/raw/2022/June_2022.csv
2026-07-23 11:32:07 | INFO | Deleted local file: /home/ec2-user/FlightData2/2022/June_2022.csv
2026-07-23 11:32:07 | INFO | Uploading: /home/ec2-user/FlightData2/2022/March_2022.csv
2026-07-23 11:32:09 | INFO | Uploaded successfully -> s3://viraj-final-project/raw/2022/March_2022.csv
2026-07-23 11:32:09 | INFO | Deleted local file: /home/ec2-user/FlightData2/2022/March_2022.csv
2026-07-23 11:32:09 | INFO | Uploading: /home/ec2-user/FlightData2/2022/May_2022.csv
2026-07-23 11:32:11 | INFO | Uploaded successfully -> s3://viraj-final-project/raw/2022/May_2022.csv
2026-07-23 11:32:11 | INFO | Deleted local file: /home/ec2-user/FlightData2/2022/May_2022.csv
2026-07-23 11:32:11 | INFO | Uploading: /home/ec2-user/FlightData2/2022/November_2022.csv
2026-07-23 11:32:13 | INFO | Uploaded successfully -> s3://viraj-final-project/raw/2022/November_2022.csv
2026-07-23 11:32:13 | INFO | Deleted local file: /home/ec2-user/FlightData2/2022/November_2022.csv
2026-07-23 11:32:13 | INFO | Uploading: /home/ec2-user/FlightData2/2022/October_2022.csv
2026-07-23 11:32:16 | INFO | Uploaded successfully -> s3://viraj-final-project/raw/2022/October_2022.csv
2026-07-23 11:32:16 | INFO | Deleted local file: /home/ec2-user/FlightData2/2022/October_2022.csv
2026-07-23 11:32:16 | INFO | Uploading: /home/ec2-user/FlightData2/2022/September_2022.csv
2026-07-23 11:32:18 | INFO | Uploaded successfully -> s3://viraj-final-project/raw/2022/September_2022.csv
2026-07-23 11:32:18 | INFO | Deleted local file: /home/ec2-user/FlightData2/2022/September_2022.csv
2026-07-23 11:32:18 | INFO | Uploading: /home/ec2-user/FlightData2/2023/April_2023.csv
2026-07-23 11:32:20 | INFO | Uploaded successfully -> s3://viraj-final-project/raw/2023/April_2023.csv
2026-07-23 11:32:20 | INFO | Deleted local file: /home/ec2-user/FlightData2/2023/April_2023.csv
2026-07-23 11:32:20 | INFO | Uploading: /home/ec2-user/FlightData2/2023/August_2023.csv
2026-07-23 11:32:22 | INFO | Uploaded successfully -> s3://viraj-final-project/raw/2023/August_2023.csv
2026-07-23 11:32:22 | INFO | Deleted local file: /home/ec2-user/FlightData2/2023/August_2023.csv
2026-07-23 11:32:22 | INFO | Uploading: /home/ec2-user/FlightData2/2023/December_2023.csv
2026-07-23 11:32:25 | INFO | Uploaded successfully -> s3://viraj-final-project/raw/2023/December_2023.csv
2026-07-23 11:32:25 | INFO | Deleted local file: /home/ec2-user/FlightData2/2023/December_2023.csv
2026-07-23 11:32:25 | INFO | Uploading: /home/ec2-user/FlightData2/2023/February_2023.csv
2026-07-23 11:32:27 | INFO | Uploaded successfully -> s3://viraj-final-project/raw/2023/February_2023.csv
2026-07-23 11:32:27 | INFO | Deleted local file: /home/ec2-user/FlightData2/2023/February_2023.csv
2026-07-23 11:32:27 | INFO | Uploading: /home/ec2-user/FlightData2/2023/January_2023.csv
2026-07-23 11:32:29 | INFO | Uploaded successfully -> s3://viraj-final-project/raw/2023/January_2023.csv
2026-07-23 11:32:29 | INFO | Deleted local file: /home/ec2-user/FlightData2/2023/January_2023.csv
2026-07-23 11:32:29 | INFO | Uploading: /home/ec2-user/FlightData2/2023/July_2023.csv
2026-07-23 11:32:31 | INFO | Uploaded successfully -> s3://viraj-final-project/raw/2023/July_2023.csv
2026-07-23 11:32:31 | INFO | Deleted local file: /home/ec2-user/FlightData2/2023/July_2023.csv
2026-07-23 11:32:31 | INFO | Uploading: /home/ec2-user/FlightData2/2023/June_2023.csv
2026-07-23 11:32:34 | INFO | Uploaded successfully -> s3://viraj-final-project/raw/2023/June_2023.csv
2026-07-23 11:32:34 | INFO | Deleted local file: /home/ec2-user/FlightData2/2023/June_2023.csv
2026-07-23 11:32:34 | INFO | Uploading: /home/ec2-user/FlightData2/2023/March_2023.csv
2026-07-23 11:32:36 | INFO | Uploaded successfully -> s3://viraj-final-project/raw/2023/March_2023.csv
2026-07-23 11:32:36 | INFO | Deleted local file: /home/ec2-user/FlightData2/2023/March_2023.csv
2026-07-23 11:32:36 | INFO | Uploading: /home/ec2-user/FlightData2/2023/May_2023.csv
2026-07-23 11:32:38 | INFO | Uploaded successfully -> s3://viraj-final-project/raw/2023/May_2023.csv
2026-07-23 11:32:38 | INFO | Deleted local file: /home/ec2-user/FlightData2/2023/May_2023.csv
2026-07-23 11:32:38 | INFO | Uploading: /home/ec2-user/FlightData2/2023/November_2023.csv
2026-07-23 11:32:40 | INFO | Uploaded successfully -> s3://viraj-final-project/raw/2023/November_2023.csv
2026-07-23 11:32:40 | INFO | Deleted local file: /home/ec2-user/FlightData2/2023/November_2023.csv
2026-07-23 11:32:40 | INFO | Uploading: /home/ec2-user/FlightData2/2023/October_2023.csv
2026-07-23 11:32:43 | INFO | Uploaded successfully -> s3://viraj-final-project/raw/2023/October_2023.csv
2026-07-23 11:32:43 | INFO | Deleted local file: /home/ec2-user/FlightData2/2023/October_2023.csv
2026-07-23 11:32:43 | INFO | Uploading: /home/ec2-user/FlightData2/2023/September_2023.csv
2026-07-23 11:32:45 | INFO | Uploaded successfully -> s3://viraj-final-project/raw/2023/September_2023.csv
2026-07-23 11:32:45 | INFO | Deleted local file: /home/ec2-user/FlightData2/2023/September_2023.csv
2026-07-23 11:32:45 | INFO | Uploading: /home/ec2-user/FlightData2/2024/April_2024.csv
2026-07-23 11:32:47 | INFO | Uploaded successfully -> s3://viraj-final-project/raw/2024/April_2024.csv
2026-07-23 11:32:47 | INFO | Deleted local file: /home/ec2-user/FlightData2/2024/April_2024.csv
2026-07-23 11:32:47 | INFO | Uploading: /home/ec2-user/FlightData2/2024/August_2024.csv
2026-07-23 11:32:50 | INFO | Uploaded successfully -> s3://viraj-final-project/raw/2024/August_2024.csv
2026-07-23 11:32:50 | INFO | Deleted local file: /home/ec2-user/FlightData2/2024/August_2024.csv
2026-07-23 11:32:50 | INFO | Uploading: /home/ec2-user/FlightData2/2024/December_2024.csv
2026-07-23 11:32:52 | INFO | Uploaded successfully -> s3://viraj-final-project/raw/2024/December_2024.csv
2026-07-23 11:32:52 | INFO | Deleted local file: /home/ec2-user/FlightData2/2024/December_2024.csv
2026-07-23 11:32:52 | INFO | Uploading: /home/ec2-user/FlightData2/2024/February_2024.csv
2026-07-23 11:32:54 | INFO | Uploaded successfully -> s3://viraj-final-project/raw/2024/February_2024.csv
2026-07-23 11:32:54 | INFO | Deleted local file: /home/ec2-user/FlightData2/2024/February_2024.csv
2026-07-23 11:32:54 | INFO | Uploading: /home/ec2-user/FlightData2/2024/January_2024.csv
2026-07-23 11:32:56 | INFO | Uploaded successfully -> s3://viraj-final-project/raw/2024/January_2024.csv
2026-07-23 11:32:56 | INFO | Deleted local file: /home/ec2-user/FlightData2/2024/January_2024.csv
2026-07-23 11:32:56 | INFO | Uploading: /home/ec2-user/FlightData2/2024/July_2024.csv
2026-07-23 11:32:57 | INFO | Uploaded successfully -> s3://viraj-final-project/raw/2024/July_2024.csv
2026-07-23 11:32:57 | INFO | Deleted local file: /home/ec2-user/FlightData2/2024/July_2024.csv
2026-07-23 11:32:57 | INFO | Uploading: /home/ec2-user/FlightData2/2024/June_2024.csv
2026-07-23 11:32:58 | INFO | Uploaded successfully -> s3://viraj-final-project/raw/2024/June_2024.csv
2026-07-23 11:32:58 | INFO | Deleted local file: /home/ec2-user/FlightData2/2024/June_2024.csv
2026-07-23 11:32:58 | INFO | Uploading: /home/ec2-user/FlightData2/2024/March_2024.csv
2026-07-23 11:32:59 | INFO | Uploaded successfully -> s3://viraj-final-project/raw/2024/March_2024.csv
2026-07-23 11:32:59 | INFO | Deleted local file: /home/ec2-user/FlightData2/2024/March_2024.csv
2026-07-23 11:32:59 | INFO | Uploading: /home/ec2-user/FlightData2/2024/May_2024.csv
2026-07-23 11:33:00 | INFO | Uploaded successfully -> s3://viraj-final-project/raw/2024/May_2024.csv
2026-07-23 11:33:00 | INFO | Deleted local file: /home/ec2-user/FlightData2/2024/May_2024.csv
2026-07-23 11:33:00 | INFO | Uploading: /home/ec2-user/FlightData2/2024/November_2024.csv
2026-07-23 11:33:01 | INFO | Uploaded successfully -> s3://viraj-final-project/raw/2024/November_2024.csv
2026-07-23 11:33:01 | INFO | Deleted local file: /home/ec2-user/FlightData2/2024/November_2024.csv
2026-07-23 11:33:01 | INFO | Uploading: /home/ec2-user/FlightData2/2024/October_2024.csv
2026-07-23 11:33:02 | INFO | Uploaded successfully -> s3://viraj-final-project/raw/2024/October_2024.csv
2026-07-23 11:33:03 | INFO | Deleted local file: /home/ec2-user/FlightData2/2024/October_2024.csv
2026-07-23 11:33:03 | INFO | Uploading: /home/ec2-user/FlightData2/2024/September_2024.csv
2026-07-23 11:33:04 | INFO | Uploaded successfully -> s3://viraj-final-project/raw/2024/September_2024.csv
2026-07-23 11:33:04 | INFO | Deleted local file: /home/ec2-user/FlightData2/2024/September_2024.csv
2026-07-23 11:33:04 | INFO | Uploading: /home/ec2-user/FlightData2/2025/April_2025.csv
2026-07-23 11:33:05 | INFO | Uploaded successfully -> s3://viraj-final-project/raw/2025/April_2025.csv
2026-07-23 11:33:05 | INFO | Deleted local file: /home/ec2-user/FlightData2/2025/April_2025.csv
2026-07-23 11:33:05 | INFO | Uploading: /home/ec2-user/FlightData2/2025/August_2025.csv
2026-07-23 11:33:06 | INFO | Uploaded successfully -> s3://viraj-final-project/raw/2025/August_2025.csv
2026-07-23 11:33:06 | INFO | Deleted local file: /home/ec2-user/FlightData2/2025/August_2025.csv
2026-07-23 11:33:06 | INFO | Uploading: /home/ec2-user/FlightData2/2025/December_2025.csv
2026-07-23 11:33:07 | INFO | Uploaded successfully -> s3://viraj-final-project/raw/2025/December_2025.csv
2026-07-23 11:33:07 | INFO | Deleted local file: /home/ec2-user/FlightData2/2025/December_2025.csv
2026-07-23 11:33:07 | INFO | Uploading: /home/ec2-user/FlightData2/2025/February_2025.csv
2026-07-23 11:33:08 | INFO | Uploaded successfully -> s3://viraj-final-project/raw/2025/February_2025.csv
2026-07-23 11:33:08 | INFO | Deleted local file: /home/ec2-user/FlightData2/2025/February_2025.csv
2026-07-23 11:33:08 | INFO | Uploading: /home/ec2-user/FlightData2/2025/January_2025.csv
2026-07-23 11:33:09 | INFO | Uploaded successfully -> s3://viraj-final-project/raw/2025/January_2025.csv
2026-07-23 11:33:10 | INFO | Deleted local file: /home/ec2-user/FlightData2/2025/January_2025.csv
2026-07-23 11:33:10 | INFO | Uploading: /home/ec2-user/FlightData2/2025/July_2025.csv
2026-07-23 11:33:11 | INFO | Uploaded successfully -> s3://viraj-final-project/raw/2025/July_2025.csv
2026-07-23 11:33:11 | INFO | Deleted local file: /home/ec2-user/FlightData2/2025/July_2025.csv
2026-07-23 11:33:11 | INFO | Uploading: /home/ec2-user/FlightData2/2025/June_2025.csv
2026-07-23 11:33:12 | INFO | Uploaded successfully -> s3://viraj-final-project/raw/2025/June_2025.csv
2026-07-23 11:33:12 | INFO | Deleted local file: /home/ec2-user/FlightData2/2025/June_2025.csv
2026-07-23 11:33:12 | INFO | Uploading: /home/ec2-user/FlightData2/2025/March_2025.csv
2026-07-23 11:33:13 | INFO | Uploaded successfully -> s3://viraj-final-project/raw/2025/March_2025.csv
2026-07-23 11:33:13 | INFO | Deleted local file: /home/ec2-user/FlightData2/2025/March_2025.csv
2026-07-23 11:33:13 | INFO | Uploading: /home/ec2-user/FlightData2/2025/May_2025.csv
2026-07-23 11:33:14 | INFO | Uploaded successfully -> s3://viraj-final-project/raw/2025/May_2025.csv
2026-07-23 11:33:14 | INFO | Deleted local file: /home/ec2-user/FlightData2/2025/May_2025.csv
2026-07-23 11:33:14 | INFO | Uploading: /home/ec2-user/FlightData2/2025/November_2025.csv
2026-07-23 11:33:15 | INFO | Uploaded successfully -> s3://viraj-final-project/raw/2025/November_2025.csv
2026-07-23 11:33:15 | INFO | Deleted local file: /home/ec2-user/FlightData2/2025/November_2025.csv
2026-07-23 11:33:15 | INFO | Uploading: /home/ec2-user/FlightData2/2025/October_2025.csv
2026-07-23 11:33:16 | INFO | Uploaded successfully -> s3://viraj-final-project/raw/2025/October_2025.csv
2026-07-23 11:33:16 | INFO | Deleted local file: /home/ec2-user/FlightData2/2025/October_2025.csv
2026-07-23 11:33:16 | INFO | Uploading: /home/ec2-user/FlightData2/2025/September_2025.csv
2026-07-23 11:33:17 | INFO | Uploaded successfully -> s3://viraj-final-project/raw/2025/September_2025.csv
2026-07-23 11:33:17 | INFO | Deleted local file: /home/ec2-user/FlightData2/2025/September_2025.csv
2026-07-23 11:33:17 | INFO | ============================================================
2026-07-23 11:33:17 | INFO | Uploaded Files : 72
2026-07-23 11:33:17 | INFO | Failed Files   : 0
2026-07-23 11:33:17 | INFO | ============================================================
